0 verbose cli C:\Program Files\nodejs\node.exe C:\Program Files\nodejs\node_modules\npm\bin\npm-cli.js
1 info using npm@10.8.2
2 info using node@v18.20.5
3 silly config load:file:C:\Program Files\nodejs\node_modules\npm\npmrc
4 silly config load:file:E:\sultan\project\.npmrc
5 silly config load:file:C:\Users\saadr\.npmrc
6 silly config load:file:C:\Users\saadr\AppData\Roaming\npm\etc\npmrc
7 verbose title npm install
8 verbose argv "install"
9 verbose logfile logs-max:10 dir:E:\sultan\project\%APPDATA%\npm-cache\_logs\2025-02-13T09_47_27_402Z-
10 verbose logfile E:\sultan\project\%APPDATA%\npm-cache\_logs\2025-02-13T09_47_27_402Z-debug-0.log
11 silly packumentCache heap:4345298944 maxSize:1086324736 maxEntrySize:543162368
12 silly logfile start cleaning logs, removing 2 files
13 silly logfile done cleaning log files
14 silly idealTree buildDeps
15 silly reify moves {}
16 silly audit bulk request {
16 silly audit   '@alloc/quick-lru': [ '5.2.0' ],
16 silly audit   '@ampproject/remapping': [ '2.3.0' ],
16 silly audit   '@babel/code-frame': [ '7.26.2' ],
16 silly audit   '@babel/compat-data': [ '7.26.8' ],
16 silly audit   '@babel/core': [ '7.26.8' ],
16 silly audit   json5: [ '2.2.3', '1.0.2' ],
16 silly audit   semver: [ '6.3.1', '7.6.3' ],
16 silly audit   '@babel/generator': [ '7.26.8' ],
16 silly audit   '@babel/helper-annotate-as-pure': [ '7.25.9' ],
16 silly audit   '@babel/helper-compilation-targets': [ '7.26.5' ],
16 silly audit   'lru-cache': [ '5.1.1', '10.4.3' ],
16 silly audit   '@babel/helper-create-class-features-plugin': [ '7.25.9' ],
16 silly audit   '@babel/helper-create-regexp-features-plugin': [ '7.26.3' ],
16 silly audit   '@babel/helper-define-polyfill-provider': [ '0.6.3' ],
16 silly audit   '@babel/helper-member-expression-to-functions': [ '7.25.9' ],
16 silly audit   '@babel/helper-module-imports': [ '7.25.9' ],
16 silly audit   '@babel/helper-module-transforms': [ '7.26.0' ],
16 silly audit   '@babel/helper-optimise-call-expression': [ '7.25.9' ],
16 silly audit   '@babel/helper-plugin-utils': [ '7.26.5' ],
16 silly audit   '@babel/helper-remap-async-to-generator': [ '7.25.9' ],
16 silly audit   '@babel/helper-replace-supers': [ '7.26.5' ],
16 silly audit   '@babel/helper-skip-transparent-expression-wrappers': [ '7.25.9' ],
16 silly audit   '@babel/helper-string-parser': [ '7.25.9' ],
16 silly audit   '@babel/helper-validator-identifier': [ '7.25.9' ],
16 silly audit   '@babel/helper-validator-option': [ '7.25.9' ],
16 silly audit   '@babel/helper-wrap-function': [ '7.25.9' ],
16 silly audit   '@babel/helpers': [ '7.26.7' ],
16 silly audit   '@babel/parser': [ '7.26.8' ],
16 silly audit   '@babel/plugin-bugfix-firefox-class-in-computed-class-key': [ '7.25.9' ],
16 silly audit   '@babel/plugin-bugfix-safari-class-field-initializer-scope': [ '7.25.9' ],
16 silly audit   '@babel/plugin-bugfix-safari-id-destructuring-collision-in-function-expression': [ '7.25.9' ],
16 silly audit   '@babel/plugin-bugfix-v8-spread-parameters-in-optional-chaining': [ '7.25.9' ],
16 silly audit   '@babel/plugin-bugfix-v8-static-class-fields-redefine-readonly': [ '7.25.9' ],
16 silly audit   '@babel/plugin-proposal-private-property-in-object': [ '7.21.0-placeholder-for-preset-env.2' ],
16 silly audit   '@babel/plugin-syntax-import-assertions': [ '7.26.0' ],
16 silly audit   '@babel/plugin-syntax-import-attributes': [ '7.26.0' ],
16 silly audit   '@babel/plugin-syntax-jsx': [ '7.25.9' ],
16 silly audit   '@babel/plugin-syntax-typescript': [ '7.25.9' ],
16 silly audit   '@babel/plugin-syntax-unicode-sets-regex': [ '7.18.6' ],
16 silly audit   '@babel/plugin-transform-arrow-functions': [ '7.25.9' ],
16 silly audit   '@babel/plugin-transform-async-generator-functions': [ '7.26.8' ],
16 silly audit   '@babel/plugin-transform-async-to-generator': [ '7.25.9' ],
16 silly audit   '@babel/plugin-transform-block-scoped-functions': [ '7.26.5' ],
16 silly audit   '@babel/plugin-transform-block-scoping': [ '7.25.9' ],
16 silly audit   '@babel/plugin-transform-class-properties': [ '7.25.9' ],
16 silly audit   '@babel/plugin-transform-class-static-block': [ '7.26.0' ],
16 silly audit   '@babel/plugin-transform-classes': [ '7.25.9' ],
16 silly audit   globals: [ '11.12.0', '13.24.0' ],
16 silly audit   '@babel/plugin-transform-computed-properties': [ '7.25.9' ],
16 silly audit   '@babel/plugin-transform-destructuring': [ '7.25.9' ],
16 silly audit   '@babel/plugin-transform-dotall-regex': [ '7.25.9' ],
16 silly audit   '@babel/plugin-transform-duplicate-keys': [ '7.25.9' ],
16 silly audit   '@babel/plugin-transform-duplicate-named-capturing-groups-regex': [ '7.25.9' ],
16 silly audit   '@babel/plugin-transform-dynamic-import': [ '7.25.9' ],
16 silly audit   '@babel/plugin-transform-exponentiation-operator': [ '7.26.3' ],
16 silly audit   '@babel/plugin-transform-export-namespace-from': [ '7.25.9' ],
16 silly audit   '@babel/plugin-transform-for-of': [ '7.25.9' ],
16 silly audit   '@babel/plugin-transform-function-name': [ '7.25.9' ],
16 silly audit   '@babel/plugin-transform-json-strings': [ '7.25.9' ],
16 silly audit   '@babel/plugin-transform-literals': [ '7.25.9' ],
16 silly audit   '@babel/plugin-transform-logical-assignment-operators': [ '7.25.9' ],
16 silly audit   '@babel/plugin-transform-member-expression-literals': [ '7.25.9' ],
16 silly audit   '@babel/plugin-transform-modules-amd': [ '7.25.9' ],
16 silly audit   '@babel/plugin-transform-modules-commonjs': [ '7.26.3' ],
16 silly audit   '@babel/plugin-transform-modules-systemjs': [ '7.25.9' ],
16 silly audit   '@babel/plugin-transform-modules-umd': [ '7.25.9' ],
16 silly audit   '@babel/plugin-transform-named-capturing-groups-regex': [ '7.25.9' ],
16 silly audit   '@babel/plugin-transform-new-target': [ '7.25.9' ],
16 silly audit   '@babel/plugin-transform-nullish-coalescing-operator': [ '7.26.6' ],
16 silly audit   '@babel/plugin-transform-numeric-separator': [ '7.25.9' ],
16 silly audit   '@babel/plugin-transform-object-rest-spread': [ '7.25.9' ],
16 silly audit   '@babel/plugin-transform-object-super': [ '7.25.9' ],
16 silly audit   '@babel/plugin-transform-optional-catch-binding': [ '7.25.9' ],
16 silly audit   '@babel/plugin-transform-optional-chaining': [ '7.25.9' ],
16 silly audit   '@babel/plugin-transform-parameters': [ '7.25.9' ],
16 silly audit   '@babel/plugin-transform-private-methods': [ '7.25.9' ],
16 silly audit   '@babel/plugin-transform-private-property-in-object': [ '7.25.9' ],
16 silly audit   '@babel/plugin-transform-property-literals': [ '7.25.9' ],
16 silly audit   '@babel/plugin-transform-react-constant-elements': [ '7.25.9' ],
16 silly audit   '@babel/plugin-transform-react-display-name': [ '7.25.9' ],
16 silly audit   '@babel/plugin-transform-react-jsx': [ '7.25.9' ],
16 silly audit   '@babel/plugin-transform-react-jsx-development': [ '7.25.9' ],
16 silly audit   '@babel/plugin-transform-react-pure-annotations': [ '7.25.9' ],
16 silly audit   '@babel/plugin-transform-regenerator': [ '7.25.9' ],
16 silly audit   '@babel/plugin-transform-regexp-modifiers': [ '7.26.0' ],
16 silly audit   '@babel/plugin-transform-reserved-words': [ '7.25.9' ],
16 silly audit   '@babel/plugin-transform-shorthand-properties': [ '7.25.9' ],
16 silly audit   '@babel/plugin-transform-spread': [ '7.25.9' ],
16 silly audit   '@babel/plugin-transform-sticky-regex': [ '7.25.9' ],
16 silly audit   '@babel/plugin-transform-template-literals': [ '7.26.8' ],
16 silly audit   '@babel/plugin-transform-typeof-symbol': [ '7.26.7' ],
16 silly audit   '@babel/plugin-transform-typescript': [ '7.26.8' ],
16 silly audit   '@babel/plugin-transform-unicode-escapes': [ '7.25.9' ],
16 silly audit   '@babel/plugin-transform-unicode-property-regex': [ '7.25.9' ],
16 silly audit   '@babel/plugin-transform-unicode-regex': [ '7.25.9' ],
16 silly audit   '@babel/plugin-transform-unicode-sets-regex': [ '7.25.9' ],
16 silly audit   '@babel/preset-env': [ '7.26.8' ],
16 silly audit   '@babel/preset-modules': [ '0.1.6-no-external-plugins' ],
16 silly audit   '@babel/preset-react': [ '7.26.3' ],
16 silly audit   '@babel/preset-typescript': [ '7.26.0' ],
16 silly audit   '@babel/runtime': [ '7.25.7' ],
16 silly audit   '@babel/template': [ '7.26.8' ],
16 silly audit   '@babel/traverse': [ '7.26.8' ],
16 silly audit   '@babel/types': [ '7.26.8' ],
16 silly audit   '@eslint-community/eslint-utils': [ '4.4.0' ],
16 silly audit   '@eslint-community/regexpp': [ '4.11.1' ],
16 silly audit   '@eslint/eslintrc': [ '2.1.4' ],
16 silly audit   '@eslint/js': [ '8.49.0' ],
16 silly audit   '@floating-ui/core': [ '1.6.8' ],
16 silly audit   '@floating-ui/dom': [ '1.6.11' ],
16 silly audit   '@floating-ui/react-dom': [ '2.1.2' ],
16 silly audit   '@floating-ui/utils': [ '0.2.8' ],
16 silly audit   '@hookform/resolvers': [ '3.9.0' ],
16 silly audit   '@humanwhocodes/config-array': [ '0.11.14' ],
16 silly audit   '@humanwhocodes/module-importer': [ '1.0.1' ],
16 silly audit   '@humanwhocodes/object-schema': [ '2.0.3' ],
16 silly audit   '@isaacs/cliui': [ '8.0.2' ],
16 silly audit   'ansi-regex': [ '6.1.0', '5.0.1' ],
16 silly audit   'strip-ansi': [ '7.1.0', '6.0.1' ],
16 silly audit   '@jridgewell/gen-mapping': [ '0.3.5' ],
16 silly audit   '@jridgewell/resolve-uri': [ '3.1.2' ],
16 silly audit   '@jridgewell/set-array': [ '1.2.1' ],
16 silly audit   '@jridgewell/sourcemap-codec': [ '1.5.0' ],
16 silly audit   '@jridgewell/trace-mapping': [ '0.3.25' ],
16 silly audit   '@next/env': [ '13.5.1' ],
16 silly audit   '@next/eslint-plugin-next': [ '13.5.1' ],
16 silly audit   '@next/swc-darwin-arm64': [ '13.5.1' ],
16 silly audit   '@next/swc-darwin-x64': [ '13.5.1' ],
16 silly audit   '@next/swc-linux-arm64-gnu': [ '13.5.1' ],
16 silly audit   '@next/swc-linux-arm64-musl': [ '13.5.1' ],
16 silly audit   '@next/swc-linux-x64-gnu': [ '13.5.1' ],
16 silly audit   '@next/swc-linux-x64-musl': [ '13.5.1' ],
16 silly audit   '@next/swc-wasm-nodejs': [ '13.5.1' ],
16 silly audit   '@next/swc-win32-arm64-msvc': [ '13.5.1' ],
16 silly audit   '@next/swc-win32-ia32-msvc': [ '13.5.1' ],
16 silly audit   '@next/swc-win32-x64-msvc': [ '13.5.1' ],
16 silly audit   '@nodelib/fs.scandir': [ '2.1.5' ],
16 silly audit   '@nodelib/fs.stat': [ '2.0.5' ],
16 silly audit   '@nodelib/fs.walk': [ '1.2.8' ],
16 silly audit   '@nolyfill/is-core-module': [ '1.0.39' ],
16 silly audit   '@pkgjs/parseargs': [ '0.11.0' ],
16 silly audit   '@radix-ui/number': [ '1.1.0' ],
16 silly audit   '@radix-ui/primitive': [ '1.1.0', '1.0.1' ],
16 silly audit   '@radix-ui/react-accordion': [ '1.2.1' ],
16 silly audit   '@radix-ui/react-alert-dialog': [ '1.1.2' ],
16 silly audit   '@radix-ui/react-arrow': [ '1.1.0' ],
16 silly audit   '@radix-ui/react-aspect-ratio': [ '1.1.0' ],
16 silly audit   '@radix-ui/react-avatar': [ '1.1.1' ],
16 silly audit   '@radix-ui/react-checkbox': [ '1.1.2' ],
16 silly audit   '@radix-ui/react-collapsible': [ '1.1.1' ],
16 silly audit   '@radix-ui/react-collection': [ '1.1.0' ],
16 silly audit   '@radix-ui/react-context': [ '1.1.0', '1.1.1', '1.0.1' ],
16 silly audit   '@radix-ui/react-compose-refs': [ '1.1.0', '1.0.1' ],
16 silly audit   '@radix-ui/react-context-menu': [ '2.2.2' ],
16 silly audit   '@radix-ui/react-dialog': [ '1.1.2', '1.0.5' ],
16 silly audit   '@radix-ui/react-direction': [ '1.1.0' ],
16 silly audit   '@radix-ui/react-dismissable-layer': [ '1.1.1', '1.0.5' ],
16 silly audit   '@radix-ui/react-dropdown-menu': [ '2.1.2' ],
16 silly audit   '@radix-ui/react-focus-guards': [ '1.1.1', '1.0.1' ],
16 silly audit   '@radix-ui/react-focus-scope': [ '1.1.0', '1.0.4' ],
16 silly audit   '@radix-ui/react-hover-card': [ '1.1.2' ],
16 silly audit   '@radix-ui/react-id': [ '1.1.0', '1.0.1' ],
16 silly audit   '@radix-ui/react-label': [ '2.1.0' ],
16 silly audit   '@radix-ui/react-menu': [ '2.1.2' ],
16 silly audit   '@radix-ui/react-menubar': [ '1.1.2' ],
16 silly audit   '@radix-ui/react-navigation-menu': [ '1.2.1' ],
16 silly audit   '@radix-ui/react-popover': [ '1.1.2' ],
16 silly audit   '@radix-ui/react-popper': [ '1.2.0' ],
16 silly audit   '@radix-ui/react-portal': [ '1.1.2', '1.0.4' ],
16 silly audit   '@radix-ui/react-presence': [ '1.1.1', '1.0.1' ],
16 silly audit   '@radix-ui/react-primitive': [ '2.0.0', '1.0.3' ],
16 silly audit   '@radix-ui/react-progress': [ '1.1.0' ],
16 silly audit   '@radix-ui/react-radio-group': [ '1.2.1' ],
16 silly audit   '@radix-ui/react-roving-focus': [ '1.1.0' ],
16 silly audit   '@radix-ui/react-scroll-area': [ '1.2.0' ],
16 silly audit   '@radix-ui/react-select': [ '2.1.2' ],
16 silly audit   '@radix-ui/react-separator': [ '1.1.0' ],
16 silly audit   '@radix-ui/react-slider': [ '1.2.1' ],
16 silly audit   '@radix-ui/react-slot': [ '1.1.0', '1.0.2' ],
16 silly audit   '@radix-ui/react-switch': [ '1.1.1' ],
16 silly audit   '@radix-ui/react-tabs': [ '1.1.1' ],
16 silly audit   '@radix-ui/react-toast': [ '1.2.2' ],
16 silly audit   '@radix-ui/react-toggle': [ '1.1.0' ],
16 silly audit   '@radix-ui/react-toggle-group': [ '1.1.0' ],
16 silly audit   '@radix-ui/react-tooltip': [ '1.1.3' ],
16 silly audit   '@radix-ui/react-use-callback-ref': [ '1.1.0', '1.0.1' ],
16 silly audit   '@radix-ui/react-use-controllable-state': [ '1.1.0', '1.0.1' ],
16 silly audit   '@radix-ui/react-use-escape-keydown': [ '1.1.0', '1.0.3' ],
16 silly audit   '@radix-ui/react-use-layout-effect': [ '1.1.0', '1.0.1' ],
16 silly audit   '@radix-ui/react-use-previous': [ '1.1.0' ],
16 silly audit   '@radix-ui/react-use-rect': [ '1.1.0' ],
16 silly audit   '@radix-ui/react-use-size': [ '1.1.0' ],
16 silly audit   '@radix-ui/react-visually-hidden': [ '1.1.0' ],
16 silly audit   '@radix-ui/rect': [ '1.1.0' ],
16 silly audit   '@rtsao/scc': [ '1.1.0' ],
16 silly audit   '@rushstack/eslint-patch': [ '1.10.4' ],
16 silly audit   '@svgr/babel-plugin-add-jsx-attribute': [ '8.0.0' ],
16 silly audit   '@svgr/babel-plugin-remove-jsx-attribute': [ '8.0.0' ],
16 silly audit   '@svgr/babel-plugin-remove-jsx-empty-expression': [ '8.0.0' ],
16 silly audit   '@svgr/babel-plugin-replace-jsx-attribute-value': [ '8.0.0' ],
16 silly audit   '@svgr/babel-plugin-svg-dynamic-title': [ '8.0.0' ],
16 silly audit   '@svgr/babel-plugin-svg-em-dimensions': [ '8.0.0' ],
16 silly audit   '@svgr/babel-plugin-transform-react-native-svg': [ '8.1.0' ],
16 silly audit   '@svgr/babel-plugin-transform-svg-component': [ '8.0.0' ],
16 silly audit   '@svgr/babel-preset': [ '8.1.0' ],
16 silly audit   '@svgr/core': [ '8.1.0' ],
16 silly audit   '@svgr/hast-util-to-babel-ast': [ '8.0.0' ],
16 silly audit   '@svgr/plugin-jsx': [ '8.1.0' ],
16 silly audit   '@svgr/plugin-svgo': [ '8.1.0' ],
16 silly audit   '@svgr/webpack': [ '8.1.0' ],
16 silly audit   '@swc/helpers': [ '0.5.2' ],
16 silly audit   '@trysound/sax': [ '0.2.0' ],
16 silly audit   '@types/d3-array': [ '3.2.1' ],
16 silly audit   '@types/d3-color': [ '3.1.3' ],
16 silly audit   '@types/d3-ease': [ '3.0.2' ],
16 silly audit   '@types/d3-interpolate': [ '3.0.4' ],
16 silly audit   '@types/d3-path': [ '3.1.0' ],
16 silly audit   '@types/d3-scale': [ '4.0.8' ],
16 silly audit   '@types/d3-shape': [ '3.1.6' ],
16 silly audit   '@types/d3-time': [ '3.0.3' ],
16 silly audit   '@types/d3-timer': [ '3.0.2' ],
16 silly audit   '@types/gensync': [ '1.0.4' ],
16 silly audit   '@types/json5': [ '0.0.29' ],
16 silly audit   '@types/node': [ '20.6.2' ],
16 silly audit   '@types/prop-types': [ '15.7.13' ],
16 silly audit   '@types/react': [ '18.2.22' ],
16 silly audit   '@types/react-dom': [ '18.2.7' ],
16 silly audit   '@types/scheduler': [ '0.23.0' ],
16 silly audit   '@typescript-eslint/parser': [ '6.21.0' ],
16 silly audit   '@typescript-eslint/scope-manager': [ '6.21.0' ],
16 silly audit   '@typescript-eslint/types': [ '6.21.0' ],
16 silly audit   '@typescript-eslint/typescript-estree': [ '6.21.0' ],
16 silly audit   'brace-expansion': [ '2.0.1', '1.1.11' ],
16 silly audit   minimatch: [ '9.0.3', '3.1.2', '9.0.5' ],
16 silly audit   '@typescript-eslint/visitor-keys': [ '6.21.0' ],
16 silly audit   acorn: [ '8.12.1' ],
16 silly audit   'acorn-jsx': [ '5.3.2' ],
16 silly audit   ajv: [ '6.12.6' ],
16 silly audit   'ansi-styles': [ '4.3.0', '6.2.1' ],
16 silly audit   'any-promise': [ '1.3.0' ],
16 silly audit   anymatch: [ '3.1.3' ],
16 silly audit   arg: [ '5.0.2' ],
16 silly audit   argparse: [ '2.0.1' ],
16 silly audit   'aria-hidden': [ '1.2.4' ],
16 silly audit   'aria-query': [ '5.1.3' ],
16 silly audit   'array-buffer-byte-length': [ '1.0.1' ],
16 silly audit   'array-includes': [ '3.1.8' ],
16 silly audit   'array-union': [ '2.1.0' ],
16 silly audit   'array.prototype.findlast': [ '1.2.5' ],
16 silly audit   'array.prototype.findlastindex': [ '1.2.5' ],
16 silly audit   'array.prototype.flat': [ '1.3.2' ],
16 silly audit   'array.prototype.flatmap': [ '1.3.2' ],
16 silly audit   'array.prototype.tosorted': [ '1.1.4' ],
16 silly audit   'arraybuffer.prototype.slice': [ '1.0.3' ],
16 silly audit   'ast-types-flow': [ '0.0.8' ],
16 silly audit   autoprefixer: [ '10.4.15' ],
16 silly audit   'available-typed-arrays': [ '1.0.7' ],
16 silly audit   'axe-core': [ '4.10.0' ],
16 silly audit   'axobject-query': [ '4.1.0' ],
16 silly audit   'babel-plugin-polyfill-corejs2': [ '0.4.12' ],
16 silly audit   'babel-plugin-polyfill-corejs3': [ '0.11.1' ],
16 silly audit   'babel-plugin-polyfill-regenerator': [ '0.6.3' ],
16 silly audit   'balanced-match': [ '1.0.2' ],
16 silly audit   'binary-extensions': [ '2.3.0' ],
16 silly audit   boolbase: [ '1.0.0' ],
16 silly audit   braces: [ '3.0.3' ],
16 silly audit   browserslist: [ '4.24.4' ],
16 silly audit   busboy: [ '1.6.0' ],
16 silly audit   'call-bind': [ '1.0.7' ],
16 silly audit   callsites: [ '3.1.0' ],
16 silly audit   camelcase: [ '6.3.0' ],
16 silly audit   'camelcase-css': [ '2.0.1' ],
16 silly audit   'caniuse-lite': [ '1.0.30001699' ],
16 silly audit   chalk: [ '4.1.2' ],
16 silly audit   chokidar: [ '3.6.0' ],
16 silly audit   'glob-parent': [ '5.1.2', '6.0.2' ],
16 silly audit   'class-variance-authority': [ '0.7.0' ],
16 silly audit   clsx: [ '2.0.0', '2.1.1' ],
16 silly audit   'client-only': [ '0.0.1' ],
16 silly audit   cmdk: [ '1.0.0' ],
16 silly audit   'react-remove-scroll': [ '2.5.5', '2.6.0' ],
16 silly audit   'color-convert': [ '2.0.1' ],
16 silly audit   'color-name': [ '1.1.4' ],
16 silly audit   commander: [ '4.1.1', '7.2.0' ],
16 silly audit   'concat-map': [ '0.0.1' ],
16 silly audit   'convert-source-map': [ '2.0.0' ],
16 silly audit   'core-js-compat': [ '3.40.0' ],
16 silly audit   cosmiconfig: [ '8.3.6' ],
16 silly audit   'country-flag-icons': [ '1.5.16' ],
16 silly audit   'cross-spawn': [ '7.0.3' ],
16 silly audit   'cryptocurrency-icons': [ '0.18.1' ],
16 silly audit   'css-select': [ '5.1.0' ],
16 silly audit   'css-tree': [ '2.3.1', '2.2.1' ],
16 silly audit   'css-what': [ '6.1.0' ],
16 silly audit   cssesc: [ '3.0.0' ],
16 silly audit   csso: [ '5.0.5' ],
16 silly audit   'mdn-data': [ '2.0.28', '2.0.30' ],
16 silly audit   csstype: [ '3.1.3' ],
16 silly audit   'd3-array': [ '3.2.4' ],
16 silly audit   'd3-color': [ '3.1.0' ],
16 silly audit   'd3-ease': [ '3.0.1' ],
16 silly audit   'd3-format': [ '3.1.0' ],
16 silly audit   'd3-interpolate': [ '3.0.1' ],
16 silly audit   'd3-path': [ '3.1.0' ],
16 silly audit   'd3-scale': [ '4.0.2' ],
16 silly audit   'd3-shape': [ '3.2.0' ],
16 silly audit   'd3-time': [ '3.1.0' ],
16 silly audit   'd3-time-format': [ '4.1.0' ],
16 silly audit   'd3-timer': [ '3.0.1' ],
16 silly audit   'damerau-levenshtein': [ '1.0.8' ],
16 silly audit   'data-view-buffer': [ '1.0.1' ],
16 silly audit   'data-view-byte-length': [ '1.0.1' ],
16 silly audit   'data-view-byte-offset': [ '1.0.0' ],
16 silly audit   'date-fns': [ '3.6.0' ],
16 silly audit   debug: [ '4.3.7', '3.2.7' ],
16 silly audit   'decimal.js-light': [ '2.5.1' ],
16 silly audit   'deep-equal': [ '2.2.3' ],
16 silly audit   'deep-is': [ '0.1.4' ],
16 silly audit   deepmerge: [ '4.3.1' ],
16 silly audit   'define-data-property': [ '1.1.4' ],
16 silly audit   'define-properties': [ '1.2.1' ],
16 silly audit   'detect-node-es': [ '1.1.0' ],
16 silly audit   didyoumean: [ '1.2.2' ],
16 silly audit   'dir-glob': [ '3.0.1' ],
16 silly audit   dlv: [ '1.1.3' ],
16 silly audit   doctrine: [ '3.0.0', '2.1.0' ],
16 silly audit   'dom-helpers': [ '5.2.1' ],
16 silly audit   'dom-serializer': [ '2.0.0' ],
16 silly audit   domelementtype: [ '2.3.0' ],
16 silly audit   domhandler: [ '5.0.3' ],
16 silly audit   domutils: [ '3.2.2' ],
16 silly audit   'dot-case': [ '3.0.4' ],
16 silly audit   eastasianwidth: [ '0.2.0' ],
16 silly audit   'electron-to-chromium': [ '1.5.97' ],
16 silly audit   'embla-carousel': [ '8.3.0' ],
16 silly audit   'embla-carousel-react': [ '8.3.0' ],
16 silly audit   'embla-carousel-reactive-utils': [ '8.3.0' ],
16 silly audit   'emoji-regex': [ '9.2.2', '8.0.0' ],
16 silly audit   'enhanced-resolve': [ '5.17.1' ],
16 silly audit   entities: [ '4.5.0' ],
16 silly audit   'error-ex': [ '1.3.2' ],
16 silly audit   'es-abstract': [ '1.23.3' ],
16 silly audit   'es-define-property': [ '1.0.0' ],
16 silly audit   'es-errors': [ '1.3.0' ],
16 silly audit   'es-get-iterator': [ '1.1.3' ],
16 silly audit   'es-iterator-helpers': [ '1.1.0' ],
16 silly audit   'es-object-atoms': [ '1.0.0' ],
16 silly audit   'es-set-tostringtag': [ '2.0.3' ],
16 silly audit   'es-shim-unscopables': [ '1.0.2' ],
16 silly audit   'es-to-primitive': [ '1.2.1' ],
16 silly audit   escalade: [ '3.2.0' ],
16 silly audit   'escape-string-regexp': [ '4.0.0' ],
16 silly audit   eslint: [ '8.49.0' ],
16 silly audit   'eslint-config-next': [ '13.5.1' ],
16 silly audit   'eslint-import-resolver-typescript': [ '3.6.3' ],
16 silly audit   'eslint-import-resolver-node': [ '0.3.9' ],
16 silly audit   'eslint-module-utils': [ '2.12.0' ],
16 silly audit   'eslint-plugin-import': [ '2.31.0' ],
16 silly audit   'eslint-plugin-jsx-a11y': [ '6.10.0' ],
16 silly audit   'eslint-plugin-react': [ '7.37.1' ],
16 silly audit   'eslint-plugin-react-hooks': [ '4.6.2' ],
16 silly audit   resolve: [ '2.0.0-next.5', '1.22.8' ],
16 silly audit   'eslint-scope': [ '7.2.2' ],
16 silly audit   'eslint-visitor-keys': [ '3.4.3' ],
16 silly audit   espree: [ '9.6.1' ],
16 silly audit   esquery: [ '1.6.0' ],
16 silly audit   esrecurse: [ '4.3.0' ],
16 silly audit   estraverse: [ '5.3.0' ],
16 silly audit   esutils: [ '2.0.3' ],
16 silly audit   eventemitter3: [ '4.0.7' ],
16 silly audit   'fast-deep-equal': [ '3.1.3' ],
16 silly audit   'fast-equals': [ '5.0.1' ],
16 silly audit   'fast-glob': [ '3.3.2' ],
16 silly audit   'fast-json-stable-stringify': [ '2.1.0' ],
16 silly audit   'fast-levenshtein': [ '2.0.6' ],
16 silly audit   fastq: [ '1.17.1' ],
16 silly audit   'file-entry-cache': [ '6.0.1' ],
16 silly audit   'fill-range': [ '7.1.1' ],
16 silly audit   'find-up': [ '5.0.0' ],
16 silly audit   'flat-cache': [ '3.2.0' ],
16 silly audit   flatted: [ '3.3.1' ],
16 silly audit   'for-each': [ '0.3.3' ],
16 silly audit   'foreground-child': [ '3.3.0' ],
16 silly audit   'fraction.js': [ '4.3.7' ],
16 silly audit   'fs.realpath': [ '1.0.0' ],
16 silly audit   fsevents: [ '2.3.3' ],
16 silly audit   'function-bind': [ '1.1.2' ],
16 silly audit   'function.prototype.name': [ '1.1.6' ],
16 silly audit   'functions-have-names': [ '1.2.3' ],
16 silly audit   gensync: [ '1.0.0-beta.2' ],
16 silly audit   'get-intrinsic': [ '1.2.4' ],
16 silly audit   'get-nonce': [ '1.0.1' ],
16 silly audit   'get-symbol-description': [ '1.0.2' ],
16 silly audit   'get-tsconfig': [ '4.8.1' ],
16 silly audit   glob: [ '7.1.7', '10.4.5' ],
16 silly audit   'glob-to-regexp': [ '0.4.1' ],
16 silly audit   globalthis: [ '1.0.4' ],
16 silly audit   globby: [ '11.1.0' ],
16 silly audit   gopd: [ '1.0.1' ],
16 silly audit   'graceful-fs': [ '4.2.11' ],
16 silly audit   graphemer: [ '1.4.0' ],
16 silly audit   'has-bigints': [ '1.0.2' ],
16 silly audit   'has-flag': [ '4.0.0' ],
16 silly audit   'has-property-descriptors': [ '1.0.2' ],
16 silly audit   'has-proto': [ '1.0.3' ],
16 silly audit   'has-symbols': [ '1.0.3' ],
16 silly audit   'has-tostringtag': [ '1.0.2' ],
16 silly audit   hasown: [ '2.0.2' ],
16 silly audit   ignore: [ '5.3.2' ],
16 silly audit   'import-fresh': [ '3.3.0' ],
16 silly audit   imurmurhash: [ '0.1.4' ],
16 silly audit   inflight: [ '1.0.6' ],
16 silly audit   inherits: [ '2.0.4' ],
16 silly audit   'input-otp': [ '1.2.4' ],
16 silly audit   'internal-slot': [ '1.0.7' ],
16 silly audit   internmap: [ '2.0.3' ],
16 silly audit   invariant: [ '2.2.4' ],
16 silly audit   'is-arguments': [ '1.1.1' ],
16 silly audit   'is-array-buffer': [ '3.0.4' ],
16 silly audit   'is-arrayish': [ '0.2.1' ],
16 silly audit   'is-async-function': [ '2.0.0' ],
16 silly audit   'is-bigint': [ '1.0.4' ],
16 silly audit   'is-binary-path': [ '2.1.0' ],
16 silly audit   'is-boolean-object': [ '1.1.2' ],
16 silly audit   'is-bun-module': [ '1.2.1' ],
16 silly audit   'is-callable': [ '1.2.7' ],
16 silly audit   'is-core-module': [ '2.15.1' ],
16 silly audit   'is-data-view': [ '1.0.1' ],
16 silly audit   'is-date-object': [ '1.0.5' ],
16 silly audit   'is-extglob': [ '2.1.1' ],
16 silly audit   'is-finalizationregistry': [ '1.0.2' ],
16 silly audit   'is-fullwidth-code-point': [ '3.0.0' ],
16 silly audit   'is-generator-function': [ '1.0.10' ],
16 silly audit   'is-glob': [ '4.0.3' ],
16 silly audit   'is-map': [ '2.0.3' ],
16 silly audit   'is-negative-zero': [ '2.0.3' ],
16 silly audit   'is-number': [ '7.0.0' ],
16 silly audit   'is-number-object': [ '1.0.7' ],
16 silly audit   'is-path-inside': [ '3.0.3' ],
16 silly audit   'is-regex': [ '1.1.4' ],
16 silly audit   'is-set': [ '2.0.3' ],
16 silly audit   'is-shared-array-buffer': [ '1.0.3' ],
16 silly audit   'is-string': [ '1.0.7' ],
16 silly audit   'is-symbol': [ '1.0.4' ],
16 silly audit   'is-typed-array': [ '1.1.13' ],
16 silly audit   'is-weakmap': [ '2.0.2' ],
16 silly audit   'is-weakref': [ '1.0.2' ],
16 silly audit   'is-weakset': [ '2.0.3' ],
16 silly audit   isarray: [ '2.0.5' ],
16 silly audit   isexe: [ '2.0.0' ],
16 silly audit   'iterator.prototype': [ '1.1.3' ],
16 silly audit   jackspeak: [ '3.4.3' ],
16 silly audit   jiti: [ '1.21.6' ],
16 silly audit   'js-tokens': [ '4.0.0' ],
16 silly audit   'js-yaml': [ '4.1.0' ],
16 silly audit   jsesc: [ '3.1.0', '3.0.2' ],
16 silly audit   'json-buffer': [ '3.0.1' ],
16 silly audit   'json-parse-even-better-errors': [ '2.3.1' ],
16 silly audit   'json-schema-traverse': [ '0.4.1' ],
16 silly audit   'json-stable-stringify-without-jsonify': [ '1.0.1' ],
16 silly audit   'jsx-ast-utils': [ '3.3.5' ],
16 silly audit   keyv: [ '4.5.4' ],
16 silly audit   'language-subtag-registry': [ '0.3.23' ],
16 silly audit   'language-tags': [ '1.0.9' ],
16 silly audit   levn: [ '0.4.1' ],
16 silly audit   lilconfig: [ '2.1.0', '3.1.2' ],
16 silly audit   'lines-and-columns': [ '1.2.4' ],
16 silly audit   'locate-path': [ '6.0.0' ],
16 silly audit   lodash: [ '4.17.21' ],
16 silly audit   'lodash.debounce': [ '4.0.8' ],
16 silly audit   'lodash.merge': [ '4.6.2' ],
16 silly audit   'loose-envify': [ '1.4.0' ],
16 silly audit   'lower-case': [ '2.0.2' ],
16 silly audit   'lucide-react': [ '0.446.0' ],
16 silly audit   merge2: [ '1.4.1' ],
16 silly audit   micromatch: [ '4.0.8' ],
16 silly audit   minimist: [ '1.2.8' ],
16 silly audit   minipass: [ '7.1.2' ],
16 silly audit   ms: [ '2.1.3' ],
16 silly audit   mz: [ '2.7.0' ],
16 silly audit   nanoid: [ '3.3.7' ],
16 silly audit   'natural-compare': [ '1.4.0' ],
16 silly audit   next: [ '13.5.1' ],
16 silly audit   'next-themes': [ '0.3.0' ],
16 silly audit   postcss: [ '8.4.14', '8.4.30' ],
16 silly audit   zod: [ '3.21.4', '3.23.8' ],
16 silly audit   'no-case': [ '3.0.4' ],
16 silly audit   'node-releases': [ '2.0.19' ],
16 silly audit   'normalize-path': [ '3.0.0' ],
16 silly audit   'normalize-range': [ '0.1.2' ],
16 silly audit   'nth-check': [ '2.1.1' ],
16 silly audit   'object-assign': [ '4.1.1' ],
16 silly audit   'object-hash': [ '3.0.0' ],
16 silly audit   'object-inspect': [ '1.13.2' ],
16 silly audit   'object-is': [ '1.1.6' ],
16 silly audit   'object-keys': [ '1.1.1' ],
16 silly audit   'object.assign': [ '4.1.5' ],
16 silly audit   'object.entries': [ '1.1.8' ],
16 silly audit   'object.fromentries': [ '2.0.8' ],
16 silly audit   'object.groupby': [ '1.0.3' ],
16 silly audit   'object.values': [ '1.2.0' ],
16 silly audit   once: [ '1.4.0' ],
16 silly audit   optionator: [ '0.9.4' ],
16 silly audit   'p-limit': [ '3.1.0' ],
16 silly audit   'p-locate': [ '5.0.0' ],
16 silly audit   'package-json-from-dist': [ '1.0.1' ],
16 silly audit   'parent-module': [ '1.0.1' ],
16 silly audit   'parse-json': [ '5.2.0' ],
16 silly audit   'path-exists': [ '4.0.0' ],
16 silly audit   'path-is-absolute': [ '1.0.1' ],
16 silly audit   'path-key': [ '3.1.1' ],
16 silly audit   'path-parse': [ '1.0.7' ],
16 silly audit   'path-scurry': [ '1.11.1' ],
16 silly audit   'path-type': [ '4.0.0' ],
16 silly audit   picocolors: [ '1.1.0' ],
16 silly audit   picomatch: [ '2.3.1' ],
16 silly audit   pify: [ '2.3.0' ],
16 silly audit   pirates: [ '4.0.6' ],
16 silly audit   'possible-typed-array-names': [ '1.0.0' ],
16 silly audit   'postcss-import': [ '15.1.0' ],
16 silly audit   'postcss-js': [ '4.0.1' ],
16 silly audit   'postcss-load-config': [ '4.0.2' ],
16 silly audit   'postcss-nested': [ '6.2.0' ],
16 silly audit   'postcss-selector-parser': [ '6.1.2' ],
16 silly audit   'postcss-value-parser': [ '4.2.0' ],
16 silly audit   'prelude-ls': [ '1.2.1' ],
16 silly audit   'prop-types': [ '15.8.1' ],
16 silly audit   punycode: [ '2.3.1' ],
16 silly audit   'queue-microtask': [ '1.2.3' ],
16 silly audit   react: [ '18.2.0' ],
16 silly audit   'react-day-picker': [ '8.10.1' ],
16 silly audit   'react-dom': [ '18.2.0' ],
16 silly audit   'react-hook-form': [ '7.53.0' ],
16 silly audit   'react-is': [ '16.13.1' ],
16 silly audit   'react-remove-scroll-bar': [ '2.3.6' ],
16 silly audit   'react-resizable-panels': [ '2.1.4' ],
16 silly audit   'react-smooth': [ '4.0.1' ],
16 silly audit   'react-style-singleton': [ '2.2.1' ],
16 silly audit   'react-transition-group': [ '4.4.5' ],
16 silly audit   'read-cache': [ '1.0.0' ],
16 silly audit   readdirp: [ '3.6.0' ],
16 silly audit   recharts: [ '2.12.7' ],
16 silly audit   'recharts-scale': [ '0.4.5' ],
16 silly audit   'reflect.getprototypeof': [ '1.0.6' ],
16 silly audit   regenerate: [ '1.4.2' ],
16 silly audit   'regenerate-unicode-properties': [ '10.2.0' ],
16 silly audit   'regenerator-runtime': [ '0.14.1' ],
16 silly audit   'regenerator-transform': [ '0.15.2' ],
16 silly audit   'regexp.prototype.flags': [ '1.5.3' ],
16 silly audit   'regexpu-core': [ '6.2.0' ],
16 silly audit   regjsgen: [ '0.8.0' ],
16 silly audit   regjsparser: [ '0.12.0' ],
16 silly audit   'resolve-from': [ '4.0.0' ],
16 silly audit   'resolve-pkg-maps': [ '1.0.0' ],
16 silly audit   reusify: [ '1.0.4' ],
16 silly audit   rimraf: [ '3.0.2' ],
16 silly audit   'run-parallel': [ '1.2.0' ],
16 silly audit   'safe-array-concat': [ '1.1.2' ],
16 silly audit   'safe-regex-test': [ '1.0.3' ],
16 silly audit   scheduler: [ '0.23.2' ],
16 silly audit   'set-function-length': [ '1.2.2' ],
16 silly audit   'set-function-name': [ '2.0.2' ],
16 silly audit   'shebang-command': [ '2.0.0' ],
16 silly audit   'shebang-regex': [ '3.0.0' ],
16 silly audit   'side-channel': [ '1.0.6' ],
16 silly audit   'signal-exit': [ '4.1.0' ],
16 silly audit   slash: [ '3.0.0' ],
16 silly audit   'snake-case': [ '3.0.4' ],
16 silly audit   sonner: [ '1.5.0' ],
16 silly audit   'source-map-js': [ '1.2.1' ],
16 silly audit   'stop-iteration-iterator': [ '1.0.0' ],
16 silly audit   streamsearch: [ '1.1.0' ],
16 silly audit   'string-width': [ '5.1.2', '4.2.3' ],
16 silly audit   'string.prototype.includes': [ '2.0.0' ],
16 silly audit   'string.prototype.matchall': [ '4.0.11' ],
16 silly audit   'string.prototype.repeat': [ '1.0.0' ],
16 silly audit   'string.prototype.trim': [ '1.2.9' ],
16 silly audit   'string.prototype.trimend': [ '1.0.8' ],
16 silly audit   'string.prototype.trimstart': [ '1.0.8' ],
16 silly audit   'strip-bom': [ '3.0.0' ],
16 silly audit   'strip-json-comments': [ '3.1.1' ],
16 silly audit   'styled-jsx': [ '5.1.1' ],
16 silly audit   sucrase: [ '3.35.0' ],
16 silly audit   'supports-color': [ '7.2.0' ],
16 silly audit   'supports-preserve-symlinks-flag': [ '1.0.0' ],
16 silly audit   'svg-parser': [ '2.0.4' ],
16 silly audit   svgo: [ '3.3.2' ],
16 silly audit   'tailwind-merge': [ '2.5.3' ],
16 silly audit   tailwindcss: [ '3.3.3' ],
16 silly audit   'tailwindcss-animate': [ '1.0.7' ],
16 silly audit   tapable: [ '2.2.1' ],
16 silly audit   'text-table': [ '0.2.0' ],
16 silly audit   thenify: [ '3.3.1' ],
16 silly audit   'thenify-all': [ '1.6.0' ],
16 silly audit   'tiny-invariant': [ '1.3.3' ],
16 silly audit   'to-regex-range': [ '5.0.1' ],
16 silly audit   'ts-api-utils': [ '1.3.0' ],
16 silly audit   'ts-interface-checker': [ '0.1.13' ],
16 silly audit   'tsconfig-paths': [ '3.15.0' ],
16 silly audit   tslib: [ '2.7.0' ],
16 silly audit   'type-check': [ '0.4.0' ],
16 silly audit   'type-fest': [ '0.20.2' ],
16 silly audit   'typed-array-buffer': [ '1.0.2' ],
16 silly audit   'typed-array-byte-length': [ '1.0.1' ],
16 silly audit   'typed-array-byte-offset': [ '1.0.2' ],
16 silly audit   'typed-array-length': [ '1.0.6' ],
16 silly audit   typescript: [ '5.2.2' ],
16 silly audit   'unbox-primitive': [ '1.0.2' ],
16 silly audit   'unicode-canonical-property-names-ecmascript': [ '2.0.1' ],
16 silly audit   'unicode-match-property-ecmascript': [ '2.0.0' ],
16 silly audit   'unicode-match-property-value-ecmascript': [ '2.2.0' ],
16 silly audit   'unicode-property-aliases-ecmascript': [ '2.1.0' ],
16 silly audit   'update-browserslist-db': [ '1.1.1' ],
16 silly audit   'uri-js': [ '4.4.1' ],
16 silly audit   'use-callback-ref': [ '1.3.2' ],
16 silly audit   'use-sidecar': [ '1.1.2' ],
16 silly audit   'util-deprecate': [ '1.0.2' ],
16 silly audit   vaul: [ '0.9.9' ],
16 silly audit   'victory-vendor': [ '36.9.2' ],
16 silly audit   watchpack: [ '2.4.0' ],
16 silly audit   which: [ '2.0.2' ],
16 silly audit   'which-boxed-primitive': [ '1.0.2' ],
16 silly audit   'which-builtin-type': [ '1.1.4' ],
16 silly audit   'which-collection': [ '1.0.2' ],
16 silly audit   'which-typed-array': [ '1.1.15' ],
16 silly audit   'word-wrap': [ '1.2.5' ],
16 silly audit   'wrap-ansi': [ '8.1.0', '7.0.0' ],
16 silly audit   wrappy: [ '1.0.2' ],
16 silly audit   yallist: [ '3.1.1' ],
16 silly audit   yaml: [ '2.5.1' ],
16 silly audit   'yocto-queue': [ '0.1.0' ]
16 silly audit }
17 verbose reify failed optional dependency E:\sultan\project\node_modules\fsevents
18 silly reify mark deleted [ 'E:\\sultan\\project\\node_modules\\fsevents' ]
19 verbose reify failed optional dependency E:\sultan\project\node_modules\@next\swc-win32-ia32-msvc
20 silly reify mark deleted [ 'E:\\sultan\\project\\node_modules\\@next\\swc-win32-ia32-msvc' ]
21 verbose reify failed optional dependency E:\sultan\project\node_modules\@next\swc-win32-arm64-msvc
22 silly reify mark deleted [ 'E:\\sultan\\project\\node_modules\\@next\\swc-win32-arm64-msvc' ]
23 verbose reify failed optional dependency E:\sultan\project\node_modules\@next\swc-linux-x64-musl
24 silly reify mark deleted [ 'E:\\sultan\\project\\node_modules\\@next\\swc-linux-x64-musl' ]
25 verbose reify failed optional dependency E:\sultan\project\node_modules\@next\swc-linux-x64-gnu
26 silly reify mark deleted [ 'E:\\sultan\\project\\node_modules\\@next\\swc-linux-x64-gnu' ]
27 verbose reify failed optional dependency E:\sultan\project\node_modules\@next\swc-linux-arm64-musl
28 silly reify mark deleted [ 'E:\\sultan\\project\\node_modules\\@next\\swc-linux-arm64-musl' ]
29 verbose reify failed optional dependency E:\sultan\project\node_modules\@next\swc-linux-arm64-gnu
30 silly reify mark deleted [ 'E:\\sultan\\project\\node_modules\\@next\\swc-linux-arm64-gnu' ]
31 verbose reify failed optional dependency E:\sultan\project\node_modules\@next\swc-darwin-x64
32 silly reify mark deleted [ 'E:\\sultan\\project\\node_modules\\@next\\swc-darwin-x64' ]
33 verbose reify failed optional dependency E:\sultan\project\node_modules\@next\swc-darwin-arm64
34 silly reify mark deleted [ 'E:\\sultan\\project\\node_modules\\@next\\swc-darwin-arm64' ]
35 warn deprecated inflight@1.0.6: This module is not supported, and leaks memory. Do not use it. Check out lru-cache if you want a good and tested way to coalesce async requests by a key value, which is much more comprehensive and powerful.
36 http fetch POST 200 https://registry.npmjs.org/-/npm/v1/security/advisories/bulk 3532ms
37 silly audit report {
37 silly audit report   'cross-spawn': [
37 silly audit report     {
37 silly audit report       id: 1100563,
37 silly audit report       url: 'https://github.com/advisories/GHSA-3xgq-45jj-v275',
37 silly audit report       title: 'Regular Expression Denial of Service (ReDoS) in cross-spawn',
37 silly audit report       severity: 'high',
37 silly audit report       vulnerable_versions: '>=7.0.0 <7.0.5',
37 silly audit report       cwe: [Array],
37 silly audit report       cvss: [Object]
37 silly audit report     }
37 silly audit report   ],
37 silly audit report   nanoid: [
37 silly audit report     {
37 silly audit report       id: 1101163,
37 silly audit report       url: 'https://github.com/advisories/GHSA-mwcw-c2x4-8c55',
37 silly audit report       title: 'Predictable results in nanoid generation when given non-integer values',
37 silly audit report       severity: 'moderate',
37 silly audit report       vulnerable_versions: '<3.3.8',
37 silly audit report       cwe: [Array],
37 silly audit report       cvss: [Object]
37 silly audit report     }
37 silly audit report   ],
37 silly audit report   next: [
37 silly audit report     {
37 silly audit report       id: 1099639,
37 silly audit report       url: 'https://github.com/advisories/GHSA-gp8f-8m3g-qvj9',
37 silly audit report       title: 'Next.js Cache Poisoning',
37 silly audit report       severity: 'high',
37 silly audit report       vulnerable_versions: '>=13.5.1 <13.5.7',
37 silly audit report       cwe: [Array],
37 silly audit report       cvss: [Object]
37 silly audit report     },
37 silly audit report     {
37 silly audit report       id: 1100421,
37 silly audit report       url: 'https://github.com/advisories/GHSA-g77x-44xx-532m',
37 silly audit report       title: 'Denial of Service condition in Next.js image optimization',
37 silly audit report       severity: 'moderate',
37 silly audit report       vulnerable_versions: '>=10.0.0 <14.2.7',
37 silly audit report       cwe: [Array],
37 silly audit report       cvss: [Object]
37 silly audit report     },
37 silly audit report     {
37 silly audit report       id: 1101380,
37 silly audit report       url: 'https://github.com/advisories/GHSA-7gfc-8cq8-jh5f',
37 silly audit report       title: 'Next.js authorization bypass vulnerability',
37 silly audit report       severity: 'high',
37 silly audit report       vulnerable_versions: '>=9.5.5 <14.2.15',
37 silly audit report       cwe: [Array],
37 silly audit report       cvss: [Object]
37 silly audit report     },
37 silly audit report     {
37 silly audit report       id: 1101439,
37 silly audit report       url: 'https://github.com/advisories/GHSA-7m27-7ghc-44w9',
37 silly audit report       title: 'Next.js Allows a Denial of Service (DoS) with Server Actions',
37 silly audit report       severity: 'moderate',
37 silly audit report       vulnerable_versions: '>=13.0.0 <13.5.8',
37 silly audit report       cwe: [Array],
37 silly audit report       cvss: [Object]
37 silly audit report     },
37 silly audit report     {
37 silly audit report       id: 1097295,
37 silly audit report       url: 'https://github.com/advisories/GHSA-fr5h-rqp8-mj6g',
37 silly audit report       title: 'Next.js Server-Side Request Forgery in Server Actions',
37 silly audit report       severity: 'high',
37 silly audit report       vulnerable_versions: '>=13.4.0 <14.1.1',
37 silly audit report       cwe: [Array],
37 silly audit report       cvss: [Object]
37 silly audit report     }
37 silly audit report   ],
37 silly audit report   postcss: [
37 silly audit report     {
37 silly audit report       id: 1094544,
37 silly audit report       url: 'https://github.com/advisories/GHSA-7fh5-64p2-3v2j',
37 silly audit report       title: 'PostCSS line return parsing error',
37 silly audit report       severity: 'moderate',
37 silly audit report       vulnerable_versions: '<8.4.31',
37 silly audit report       cwe: [Array],
37 silly audit report       cvss: [Object]
37 silly audit report     }
37 silly audit report   ],
37 silly audit report   zod: [
37 silly audit report     {
37 silly audit report       id: 1099462,
37 silly audit report       url: 'https://github.com/advisories/GHSA-m95q-7qp3-xv42',
37 silly audit report       title: 'Zod denial of service vulnerability',
37 silly audit report       severity: 'moderate',
37 silly audit report       vulnerable_versions: '<=3.22.2',
37 silly audit report       cwe: [Array],
37 silly audit report       cvss: [Object]
37 silly audit report     }
37 silly audit report   ]
37 silly audit report }
38 silly packumentCache corgi:https://registry.npmjs.org/cross-spawn cache-miss
39 silly packumentCache corgi:https://registry.npmjs.org/nanoid cache-miss
40 silly packumentCache corgi:https://registry.npmjs.org/next cache-miss
41 silly packumentCache corgi:https://registry.npmjs.org/postcss cache-miss
42 silly packumentCache corgi:https://registry.npmjs.org/zod cache-miss
43 warn deprecated @humanwhocodes/config-array@0.11.14: Use @eslint/config-array instead
44 warn deprecated rimraf@3.0.2: Rimraf versions prior to v4 are no longer supported
45 warn deprecated glob@7.1.7: Glob versions prior to v9 are no longer supported
46 warn deprecated @humanwhocodes/object-schema@2.0.3: Use @eslint/object-schema instead
47 http fetch GET 200 https://registry.npmjs.org/cross-spawn 1439ms (cache updated)
48 silly packumentCache corgi:https://registry.npmjs.org/cross-spawn set size:undefined disposed:false
49 http fetch GET 200 https://registry.npmjs.org/nanoid 1589ms (cache updated)
50 silly packumentCache corgi:https://registry.npmjs.org/nanoid set size:undefined disposed:false
51 http fetch GET 200 https://registry.npmjs.org/postcss 1859ms (cache updated)
52 silly packumentCache corgi:https://registry.npmjs.org/postcss set size:undefined disposed:false
53 http fetch GET 200 https://registry.npmjs.org/zod 2167ms (cache updated)
54 silly packumentCache corgi:https://registry.npmjs.org/zod set size:undefined disposed:false
55 http fetch GET 200 https://registry.npmjs.org/next 5000ms (cache updated)
56 silly packumentCache corgi:https://registry.npmjs.org/next set size:undefined disposed:false
57 silly packumentCache corgi:https://registry.npmjs.org/eslint cache-miss
58 silly packumentCache corgi:https://registry.npmjs.org/foreground-child cache-miss
59 http fetch GET 200 https://registry.npmjs.org/foreground-child 133ms (cache updated)
60 silly packumentCache corgi:https://registry.npmjs.org/foreground-child set size:undefined disposed:false
61 http fetch GET 200 https://registry.npmjs.org/eslint 259ms (cache updated)
62 silly packumentCache corgi:https://registry.npmjs.org/eslint set size:undefined disposed:false
63 silly packumentCache corgi:https://registry.npmjs.org/autoprefixer cache-miss
64 silly packumentCache corgi:https://registry.npmjs.org/postcss-import cache-miss
65 silly packumentCache corgi:https://registry.npmjs.org/postcss-js cache-miss
66 silly packumentCache corgi:https://registry.npmjs.org/postcss-load-config cache-miss
67 silly packumentCache corgi:https://registry.npmjs.org/postcss-nested cache-miss
68 silly packumentCache corgi:https://registry.npmjs.org/tailwindcss cache-miss
69 http fetch GET 200 https://registry.npmjs.org/postcss-js 246ms (cache updated)
70 silly packumentCache corgi:https://registry.npmjs.org/postcss-js set size:undefined disposed:false
71 http fetch GET 200 https://registry.npmjs.org/postcss-load-config 249ms (cache updated)
72 silly packumentCache corgi:https://registry.npmjs.org/postcss-load-config set size:undefined disposed:false
73 http fetch GET 200 https://registry.npmjs.org/postcss-import 255ms (cache updated)
74 silly packumentCache corgi:https://registry.npmjs.org/postcss-import set size:undefined disposed:false
75 http fetch GET 200 https://registry.npmjs.org/postcss-nested 257ms (cache updated)
76 silly packumentCache corgi:https://registry.npmjs.org/postcss-nested set size:undefined disposed:false
77 http fetch GET 200 https://registry.npmjs.org/autoprefixer 284ms (cache updated)
78 silly packumentCache corgi:https://registry.npmjs.org/autoprefixer set size:undefined disposed:false
79 warn deprecated eslint@8.49.0: This version is no longer supported. Please see https://eslint.org/version-support for other options.
80 http fetch GET 200 https://registry.npmjs.org/tailwindcss 827ms (cache updated)
81 silly packumentCache corgi:https://registry.npmjs.org/tailwindcss set size:undefined disposed:false
82 silly ADD node_modules/zod
83 silly ADD node_modules/yocto-queue
84 silly ADD node_modules/yaml
85 silly ADD node_modules/yallist
86 silly ADD node_modules/wrappy
87 silly ADD node_modules/wrap-ansi-cjs
88 silly ADD node_modules/wrap-ansi-cjs/node_modules/string-width
89 silly ADD node_modules/wrap-ansi-cjs/node_modules/emoji-regex
90 silly ADD node_modules/wrap-ansi
91 silly ADD node_modules/wrap-ansi/node_modules/strip-ansi
92 silly ADD node_modules/wrap-ansi/node_modules/ansi-styles
93 silly ADD node_modules/wrap-ansi/node_modules/ansi-regex
94 silly ADD node_modules/word-wrap
95 silly ADD node_modules/which-typed-array
96 silly ADD node_modules/which-collection
97 silly ADD node_modules/which-builtin-type
98 silly ADD node_modules/which-boxed-primitive
99 silly ADD node_modules/which
100 silly ADD node_modules/watchpack
101 silly ADD node_modules/victory-vendor
102 silly ADD node_modules/vaul
103 silly ADD node_modules/util-deprecate
104 silly ADD node_modules/use-sidecar
105 silly ADD node_modules/use-callback-ref
106 silly ADD node_modules/uri-js
107 silly ADD node_modules/update-browserslist-db
108 silly ADD node_modules/unicode-property-aliases-ecmascript
109 silly ADD node_modules/unicode-match-property-value-ecmascript
110 silly ADD node_modules/unicode-match-property-ecmascript
111 silly ADD node_modules/unicode-canonical-property-names-ecmascript
112 silly ADD node_modules/unbox-primitive
113 silly ADD node_modules/typescript
114 silly ADD node_modules/typed-array-length
115 silly ADD node_modules/typed-array-byte-offset
116 silly ADD node_modules/typed-array-byte-length
117 silly ADD node_modules/typed-array-buffer
118 silly ADD node_modules/type-fest
119 silly ADD node_modules/type-check
120 silly ADD node_modules/tslib
121 silly ADD node_modules/tsconfig-paths
122 silly ADD node_modules/ts-interface-checker
123 silly ADD node_modules/ts-api-utils
124 silly ADD node_modules/to-regex-range
125 silly ADD node_modules/tiny-invariant
126 silly ADD node_modules/thenify-all
127 silly ADD node_modules/thenify
128 silly ADD node_modules/text-table
129 silly ADD node_modules/tapable
130 silly ADD node_modules/tailwindcss-animate
131 silly ADD node_modules/tailwindcss
132 silly ADD node_modules/tailwind-merge
133 silly ADD node_modules/svgo
134 silly ADD node_modules/svgo/node_modules/commander
135 silly ADD node_modules/svg-parser
136 silly ADD node_modules/supports-preserve-symlinks-flag
137 silly ADD node_modules/supports-color
138 silly ADD node_modules/sucrase
139 silly ADD node_modules/sucrase/node_modules/minimatch
140 silly ADD node_modules/sucrase/node_modules/glob
141 silly ADD node_modules/sucrase/node_modules/brace-expansion
142 silly ADD node_modules/styled-jsx
143 silly ADD node_modules/strip-json-comments
144 silly ADD node_modules/strip-bom
145 silly ADD node_modules/strip-ansi-cjs
146 silly ADD node_modules/strip-ansi
147 silly ADD node_modules/string.prototype.trimstart
148 silly ADD node_modules/string.prototype.trimend
149 silly ADD node_modules/string.prototype.trim
150 silly ADD node_modules/string.prototype.repeat
151 silly ADD node_modules/string.prototype.matchall
152 silly ADD node_modules/string.prototype.includes
153 silly ADD node_modules/string-width-cjs
154 silly ADD node_modules/string-width-cjs/node_modules/emoji-regex
155 silly ADD node_modules/string-width
156 silly ADD node_modules/string-width/node_modules/strip-ansi
157 silly ADD node_modules/string-width/node_modules/ansi-regex
158 silly ADD node_modules/streamsearch
159 silly ADD node_modules/stop-iteration-iterator
160 silly ADD node_modules/source-map-js
161 silly ADD node_modules/sonner
162 silly ADD node_modules/snake-case
163 silly ADD node_modules/slash
164 silly ADD node_modules/signal-exit
165 silly ADD node_modules/side-channel
166 silly ADD node_modules/shebang-regex
167 silly ADD node_modules/shebang-command
168 silly ADD node_modules/set-function-name
169 silly ADD node_modules/set-function-length
170 silly ADD node_modules/semver
171 silly ADD node_modules/scheduler
172 silly ADD node_modules/safe-regex-test
173 silly ADD node_modules/safe-array-concat
174 silly ADD node_modules/run-parallel
175 silly ADD node_modules/rimraf
176 silly ADD node_modules/reusify
177 silly ADD node_modules/resolve-pkg-maps
178 silly ADD node_modules/resolve-from
179 silly ADD node_modules/resolve
180 silly ADD node_modules/regjsparser
181 silly ADD node_modules/regjsparser/node_modules/jsesc
182 silly ADD node_modules/regjsgen
183 silly ADD node_modules/regexpu-core
184 silly ADD node_modules/regexp.prototype.flags
185 silly ADD node_modules/regenerator-transform
186 silly ADD node_modules/regenerator-runtime
187 silly ADD node_modules/regenerate-unicode-properties
188 silly ADD node_modules/regenerate
189 silly ADD node_modules/reflect.getprototypeof
190 silly ADD node_modules/recharts-scale
191 silly ADD node_modules/recharts
192 silly ADD node_modules/readdirp
193 silly ADD node_modules/read-cache
194 silly ADD node_modules/react-transition-group
195 silly ADD node_modules/react-style-singleton
196 silly ADD node_modules/react-smooth
197 silly ADD node_modules/react-resizable-panels
198 silly ADD node_modules/react-remove-scroll-bar
199 silly ADD node_modules/react-remove-scroll
200 silly ADD node_modules/react-is
201 silly ADD node_modules/react-hook-form
202 silly ADD node_modules/react-dom
203 silly ADD node_modules/react-day-picker
204 silly ADD node_modules/react
205 silly ADD node_modules/queue-microtask
206 silly ADD node_modules/punycode
207 silly ADD node_modules/prop-types
208 silly ADD node_modules/prelude-ls
209 silly ADD node_modules/postcss-value-parser
210 silly ADD node_modules/postcss-selector-parser
211 silly ADD node_modules/postcss-nested
212 silly ADD node_modules/postcss-load-config
213 silly ADD node_modules/postcss-load-config/node_modules/lilconfig
214 silly ADD node_modules/postcss-js
215 silly ADD node_modules/postcss-import
216 silly ADD node_modules/postcss
217 silly ADD node_modules/possible-typed-array-names
218 silly ADD node_modules/pirates
219 silly ADD node_modules/pify
220 silly ADD node_modules/picomatch
221 silly ADD node_modules/picocolors
222 silly ADD node_modules/path-type
223 silly ADD node_modules/path-scurry
224 silly ADD node_modules/path-parse
225 silly ADD node_modules/path-key
226 silly ADD node_modules/path-is-absolute
227 silly ADD node_modules/path-exists
228 silly ADD node_modules/parse-json
229 silly ADD node_modules/parent-module
230 silly ADD node_modules/package-json-from-dist
231 silly ADD node_modules/p-locate
232 silly ADD node_modules/p-limit
233 silly ADD node_modules/optionator
234 silly ADD node_modules/once
235 silly ADD node_modules/object.values
236 silly ADD node_modules/object.groupby
237 silly ADD node_modules/object.fromentries
238 silly ADD node_modules/object.entries
239 silly ADD node_modules/object.assign
240 silly ADD node_modules/object-keys
241 silly ADD node_modules/object-is
242 silly ADD node_modules/object-inspect
243 silly ADD node_modules/object-hash
244 silly ADD node_modules/object-assign
245 silly ADD node_modules/nth-check
246 silly ADD node_modules/normalize-range
247 silly ADD node_modules/normalize-path
248 silly ADD node_modules/node-releases
249 silly ADD node_modules/no-case
250 silly ADD node_modules/next-themes
251 silly ADD node_modules/next
252 silly ADD node_modules/next/node_modules/zod
253 silly ADD node_modules/next/node_modules/postcss
254 silly ADD node_modules/natural-compare
255 silly ADD node_modules/nanoid
256 silly ADD node_modules/mz
257 silly ADD node_modules/ms
258 silly ADD node_modules/minipass
259 silly ADD node_modules/minimist
260 silly ADD node_modules/minimatch
261 silly ADD node_modules/micromatch
262 silly ADD node_modules/merge2
263 silly ADD node_modules/mdn-data
264 silly ADD node_modules/lucide-react
265 silly ADD node_modules/lru-cache
266 silly ADD node_modules/lower-case
267 silly ADD node_modules/loose-envify
268 silly ADD node_modules/lodash.merge
269 silly ADD node_modules/lodash.debounce
270 silly ADD node_modules/lodash
271 silly ADD node_modules/locate-path
272 silly ADD node_modules/lines-and-columns
273 silly ADD node_modules/lilconfig
274 silly ADD node_modules/levn
275 silly ADD node_modules/language-tags
276 silly ADD node_modules/language-subtag-registry
277 silly ADD node_modules/keyv
278 silly ADD node_modules/jsx-ast-utils
279 silly ADD node_modules/json5
280 silly ADD node_modules/json-stable-stringify-without-jsonify
281 silly ADD node_modules/json-schema-traverse
282 silly ADD node_modules/json-parse-even-better-errors
283 silly ADD node_modules/json-buffer
284 silly ADD node_modules/jsesc
285 silly ADD node_modules/js-yaml
286 silly ADD node_modules/js-tokens
287 silly ADD node_modules/jiti
288 silly ADD node_modules/jackspeak
289 silly ADD node_modules/iterator.prototype
290 silly ADD node_modules/isexe
291 silly ADD node_modules/isarray
292 silly ADD node_modules/is-weakset
293 silly ADD node_modules/is-weakref
294 silly ADD node_modules/is-weakmap
295 silly ADD node_modules/is-typed-array
296 silly ADD node_modules/is-symbol
297 silly ADD node_modules/is-string
298 silly ADD node_modules/is-shared-array-buffer
299 silly ADD node_modules/is-set
300 silly ADD node_modules/is-regex
301 silly ADD node_modules/is-path-inside
302 silly ADD node_modules/is-number-object
303 silly ADD node_modules/is-number
304 silly ADD node_modules/is-negative-zero
305 silly ADD node_modules/is-map
306 silly ADD node_modules/is-glob
307 silly ADD node_modules/is-generator-function
308 silly ADD node_modules/is-fullwidth-code-point
309 silly ADD node_modules/is-finalizationregistry
310 silly ADD node_modules/is-extglob
311 silly ADD node_modules/is-date-object
312 silly ADD node_modules/is-data-view
313 silly ADD node_modules/is-core-module
314 silly ADD node_modules/is-callable
315 silly ADD node_modules/is-bun-module
316 silly ADD node_modules/is-boolean-object
317 silly ADD node_modules/is-binary-path
318 silly ADD node_modules/is-bigint
319 silly ADD node_modules/is-async-function
320 silly ADD node_modules/is-arrayish
321 silly ADD node_modules/is-array-buffer
322 silly ADD node_modules/is-arguments
323 silly ADD node_modules/invariant
324 silly ADD node_modules/internmap
325 silly ADD node_modules/internal-slot
326 silly ADD node_modules/input-otp
327 silly ADD node_modules/inherits
328 silly ADD node_modules/inflight
329 silly ADD node_modules/imurmurhash
330 silly ADD node_modules/import-fresh
331 silly ADD node_modules/ignore
332 silly ADD node_modules/hasown
333 silly ADD node_modules/has-tostringtag
334 silly ADD node_modules/has-symbols
335 silly ADD node_modules/has-proto
336 silly ADD node_modules/has-property-descriptors
337 silly ADD node_modules/has-flag
338 silly ADD node_modules/has-bigints
339 silly ADD node_modules/graphemer
340 silly ADD node_modules/graceful-fs
341 silly ADD node_modules/gopd
342 silly ADD node_modules/globby
343 silly ADD node_modules/globalthis
344 silly ADD node_modules/globals
345 silly ADD node_modules/glob-to-regexp
346 silly ADD node_modules/glob-parent
347 silly ADD node_modules/glob
348 silly ADD node_modules/get-tsconfig
349 silly ADD node_modules/get-symbol-description
350 silly ADD node_modules/get-nonce
351 silly ADD node_modules/get-intrinsic
352 silly ADD node_modules/gensync
353 silly ADD node_modules/functions-have-names
354 silly ADD node_modules/function.prototype.name
355 silly ADD node_modules/function-bind
356 silly ADD
357 silly ADD node_modules/fs.realpath
358 silly ADD node_modules/fraction.js
359 silly ADD node_modules/foreground-child
360 silly ADD node_modules/for-each
361 silly ADD node_modules/flatted
362 silly ADD node_modules/flat-cache
363 silly ADD node_modules/find-up
364 silly ADD node_modules/fill-range
365 silly ADD node_modules/file-entry-cache
366 silly ADD node_modules/fastq
367 silly ADD node_modules/fast-levenshtein
368 silly ADD node_modules/fast-json-stable-stringify
369 silly ADD node_modules/fast-glob
370 silly ADD node_modules/fast-glob/node_modules/glob-parent
371 silly ADD node_modules/fast-equals
372 silly ADD node_modules/fast-deep-equal
373 silly ADD node_modules/eventemitter3
374 silly ADD node_modules/esutils
375 silly ADD node_modules/estraverse
376 silly ADD node_modules/esrecurse
377 silly ADD node_modules/esquery
378 silly ADD node_modules/espree
379 silly ADD node_modules/eslint-visitor-keys
380 silly ADD node_modules/eslint-scope
381 silly ADD node_modules/eslint-plugin-react-hooks
382 silly ADD node_modules/eslint-plugin-react
383 silly ADD node_modules/eslint-plugin-react/node_modules/semver
384 silly ADD node_modules/eslint-plugin-react/node_modules/resolve
385 silly ADD node_modules/eslint-plugin-react/node_modules/doctrine
386 silly ADD node_modules/eslint-plugin-jsx-a11y
387 silly ADD node_modules/eslint-plugin-import
388 silly ADD node_modules/eslint-plugin-import/node_modules/semver
389 silly ADD node_modules/eslint-plugin-import/node_modules/doctrine
390 silly ADD node_modules/eslint-plugin-import/node_modules/debug
391 silly ADD node_modules/eslint-module-utils
392 silly ADD node_modules/eslint-module-utils/node_modules/debug
393 silly ADD node_modules/eslint-import-resolver-node
394 silly ADD node_modules/eslint-import-resolver-node/node_modules/debug
395 silly ADD node_modules/eslint-config-next
396 silly ADD node_modules/eslint-config-next/node_modules/eslint-import-resolver-typescript
397 silly ADD node_modules/eslint
398 silly ADD node_modules/escape-string-regexp
399 silly ADD node_modules/escalade
400 silly ADD node_modules/es-to-primitive
401 silly ADD node_modules/es-shim-unscopables
402 silly ADD node_modules/es-set-tostringtag
403 silly ADD node_modules/es-object-atoms
404 silly ADD node_modules/es-iterator-helpers
405 silly ADD node_modules/es-get-iterator
406 silly ADD node_modules/es-errors
407 silly ADD node_modules/es-define-property
408 silly ADD node_modules/es-abstract
409 silly ADD node_modules/error-ex
410 silly ADD node_modules/entities
411 silly ADD node_modules/enhanced-resolve
412 silly ADD node_modules/emoji-regex
413 silly ADD node_modules/embla-carousel-reactive-utils
414 silly ADD node_modules/embla-carousel-react
415 silly ADD node_modules/embla-carousel
416 silly ADD node_modules/electron-to-chromium
417 silly ADD node_modules/eastasianwidth
418 silly ADD node_modules/dot-case
419 silly ADD node_modules/domutils
420 silly ADD node_modules/domhandler
421 silly ADD node_modules/domelementtype
422 silly ADD node_modules/dom-serializer
423 silly ADD node_modules/dom-helpers
424 silly ADD node_modules/doctrine
425 silly ADD node_modules/dlv
426 silly ADD node_modules/dir-glob
427 silly ADD node_modules/didyoumean
428 silly ADD node_modules/detect-node-es
429 silly ADD node_modules/define-properties
430 silly ADD node_modules/define-data-property
431 silly ADD node_modules/deepmerge
432 silly ADD node_modules/deep-is
433 silly ADD node_modules/deep-equal
434 silly ADD node_modules/decimal.js-light
435 silly ADD node_modules/debug
436 silly ADD node_modules/date-fns
437 silly ADD node_modules/data-view-byte-offset
438 silly ADD node_modules/data-view-byte-length
439 silly ADD node_modules/data-view-buffer
440 silly ADD node_modules/damerau-levenshtein
441 silly ADD node_modules/d3-timer
442 silly ADD node_modules/d3-time-format
443 silly ADD node_modules/d3-time
444 silly ADD node_modules/d3-shape
445 silly ADD node_modules/d3-scale
446 silly ADD node_modules/d3-path
447 silly ADD node_modules/d3-interpolate
448 silly ADD node_modules/d3-format
449 silly ADD node_modules/d3-ease
450 silly ADD node_modules/d3-color
451 silly ADD node_modules/d3-array
452 silly ADD node_modules/csstype
453 silly ADD node_modules/csso
454 silly ADD node_modules/csso/node_modules/mdn-data
455 silly ADD node_modules/csso/node_modules/css-tree
456 silly ADD node_modules/cssesc
457 silly ADD node_modules/css-what
458 silly ADD node_modules/css-tree
459 silly ADD node_modules/css-select
460 silly ADD node_modules/cryptocurrency-icons
461 silly ADD node_modules/cross-spawn
462 silly ADD node_modules/country-flag-icons
463 silly ADD node_modules/cosmiconfig
464 silly ADD node_modules/core-js-compat
465 silly ADD node_modules/convert-source-map
466 silly ADD node_modules/concat-map
467 silly ADD node_modules/commander
468 silly ADD node_modules/color-name
469 silly ADD node_modules/color-convert
470 silly ADD node_modules/cmdk
471 silly ADD node_modules/cmdk/node_modules/react-remove-scroll
472 silly ADD node_modules/cmdk/node_modules/@radix-ui/react-use-layout-effect
473 silly ADD node_modules/cmdk/node_modules/@radix-ui/react-use-escape-keydown
474 silly ADD node_modules/cmdk/node_modules/@radix-ui/react-use-controllable-state
475 silly ADD node_modules/cmdk/node_modules/@radix-ui/react-use-callback-ref
476 silly ADD node_modules/cmdk/node_modules/@radix-ui/react-slot
477 silly ADD node_modules/cmdk/node_modules/@radix-ui/react-primitive
478 silly ADD node_modules/cmdk/node_modules/@radix-ui/react-presence
479 silly ADD node_modules/cmdk/node_modules/@radix-ui/react-portal
480 silly ADD node_modules/cmdk/node_modules/@radix-ui/react-id
481 silly ADD node_modules/cmdk/node_modules/@radix-ui/react-focus-scope
482 silly ADD node_modules/cmdk/node_modules/@radix-ui/react-focus-guards
483 silly ADD node_modules/cmdk/node_modules/@radix-ui/react-dismissable-layer
484 silly ADD node_modules/cmdk/node_modules/@radix-ui/react-dialog
485 silly ADD node_modules/cmdk/node_modules/@radix-ui/react-context
486 silly ADD node_modules/cmdk/node_modules/@radix-ui/react-compose-refs
487 silly ADD node_modules/cmdk/node_modules/@radix-ui/primitive
488 silly ADD node_modules/clsx
489 silly ADD node_modules/client-only
490 silly ADD node_modules/class-variance-authority
491 silly ADD node_modules/class-variance-authority/node_modules/clsx
492 silly ADD node_modules/chokidar
493 silly ADD node_modules/chokidar/node_modules/glob-parent
494 silly ADD node_modules/chalk
495 silly ADD node_modules/caniuse-lite
496 silly ADD node_modules/camelcase-css
497 silly ADD node_modules/camelcase
498 silly ADD node_modules/callsites
499 silly ADD node_modules/call-bind
500 silly ADD node_modules/busboy
501 silly ADD node_modules/browserslist
502 silly ADD node_modules/braces
503 silly ADD node_modules/brace-expansion
504 silly ADD node_modules/boolbase
505 silly ADD node_modules/binary-extensions
506 silly ADD node_modules/balanced-match
507 silly ADD node_modules/babel-plugin-polyfill-regenerator
508 silly ADD node_modules/babel-plugin-polyfill-corejs3
509 silly ADD node_modules/babel-plugin-polyfill-corejs2
510 silly ADD node_modules/babel-plugin-polyfill-corejs2/node_modules/semver
511 silly ADD node_modules/axobject-query
512 silly ADD node_modules/axe-core
513 silly ADD node_modules/available-typed-arrays
514 silly ADD node_modules/autoprefixer
515 silly ADD node_modules/ast-types-flow
516 silly ADD node_modules/arraybuffer.prototype.slice
517 silly ADD node_modules/array.prototype.tosorted
518 silly ADD node_modules/array.prototype.flatmap
519 silly ADD node_modules/array.prototype.flat
520 silly ADD node_modules/array.prototype.findlastindex
521 silly ADD node_modules/array.prototype.findlast
522 silly ADD node_modules/array-union
523 silly ADD node_modules/array-includes
524 silly ADD node_modules/array-buffer-byte-length
525 silly ADD node_modules/aria-query
526 silly ADD node_modules/aria-hidden
527 silly ADD node_modules/argparse
528 silly ADD node_modules/arg
529 silly ADD node_modules/anymatch
530 silly ADD node_modules/any-promise
531 silly ADD node_modules/ansi-styles
532 silly ADD node_modules/ansi-regex
533 silly ADD node_modules/ajv
534 silly ADD node_modules/acorn-jsx
535 silly ADD node_modules/acorn
536 silly ADD node_modules/@typescript-eslint/visitor-keys
537 silly ADD node_modules/@typescript-eslint/typescript-estree
538 silly ADD node_modules/@typescript-eslint/typescript-estree/node_modules/minimatch
539 silly ADD node_modules/@typescript-eslint/typescript-estree/node_modules/brace-expansion
540 silly ADD node_modules/@typescript-eslint/types
541 silly ADD node_modules/@typescript-eslint/scope-manager
542 silly ADD node_modules/@typescript-eslint/parser
543 silly ADD node_modules/@types/scheduler
544 silly ADD node_modules/@types/react-dom
545 silly ADD node_modules/@types/react
546 silly ADD node_modules/@types/prop-types
547 silly ADD node_modules/@types/node
548 silly ADD node_modules/@types/json5
549 silly ADD node_modules/@types/gensync
550 silly ADD node_modules/@types/d3-timer
551 silly ADD node_modules/@types/d3-time
552 silly ADD node_modules/@types/d3-shape
553 silly ADD node_modules/@types/d3-scale
554 silly ADD node_modules/@types/d3-path
555 silly ADD node_modules/@types/d3-interpolate
556 silly ADD node_modules/@types/d3-ease
557 silly ADD node_modules/@types/d3-color
558 silly ADD node_modules/@types/d3-array
559 silly ADD node_modules/@trysound/sax
560 silly ADD node_modules/@swc/helpers
561 silly ADD node_modules/@svgr/webpack
562 silly ADD node_modules/@svgr/plugin-svgo
563 silly ADD node_modules/@svgr/plugin-jsx
564 silly ADD node_modules/@svgr/hast-util-to-babel-ast
565 silly ADD node_modules/@svgr/core
566 silly ADD node_modules/@svgr/babel-preset
567 silly ADD node_modules/@svgr/babel-plugin-transform-svg-component
568 silly ADD node_modules/@svgr/babel-plugin-transform-react-native-svg
569 silly ADD node_modules/@svgr/babel-plugin-svg-em-dimensions
570 silly ADD node_modules/@svgr/babel-plugin-svg-dynamic-title
571 silly ADD node_modules/@svgr/babel-plugin-replace-jsx-attribute-value
572 silly ADD node_modules/@svgr/babel-plugin-remove-jsx-empty-expression
573 silly ADD node_modules/@svgr/babel-plugin-remove-jsx-attribute
574 silly ADD node_modules/@svgr/babel-plugin-add-jsx-attribute
575 silly ADD node_modules/@rushstack/eslint-patch
576 silly ADD node_modules/@rtsao/scc
577 silly ADD node_modules/@radix-ui/rect
578 silly ADD node_modules/@radix-ui/react-visually-hidden
579 silly ADD node_modules/@radix-ui/react-use-size
580 silly ADD node_modules/@radix-ui/react-use-rect
581 silly ADD node_modules/@radix-ui/react-use-previous
582 silly ADD node_modules/@radix-ui/react-use-layout-effect
583 silly ADD node_modules/@radix-ui/react-use-escape-keydown
584 silly ADD node_modules/@radix-ui/react-use-controllable-state
585 silly ADD node_modules/@radix-ui/react-use-callback-ref
586 silly ADD node_modules/@radix-ui/react-tooltip
587 silly ADD node_modules/@radix-ui/react-toggle-group
588 silly ADD node_modules/@radix-ui/react-toggle-group/node_modules/@radix-ui/react-context
589 silly ADD node_modules/@radix-ui/react-toggle
590 silly ADD node_modules/@radix-ui/react-toast
591 silly ADD node_modules/@radix-ui/react-tabs
592 silly ADD node_modules/@radix-ui/react-switch
593 silly ADD node_modules/@radix-ui/react-slot
594 silly ADD node_modules/@radix-ui/react-slider
595 silly ADD node_modules/@radix-ui/react-separator
596 silly ADD node_modules/@radix-ui/react-select
597 silly ADD node_modules/@radix-ui/react-scroll-area
598 silly ADD node_modules/@radix-ui/react-roving-focus
599 silly ADD node_modules/@radix-ui/react-roving-focus/node_modules/@radix-ui/react-context
600 silly ADD node_modules/@radix-ui/react-radio-group
601 silly ADD node_modules/@radix-ui/react-progress
602 silly ADD node_modules/@radix-ui/react-progress/node_modules/@radix-ui/react-context
603 silly ADD node_modules/@radix-ui/react-primitive
604 silly ADD node_modules/@radix-ui/react-presence
605 silly ADD node_modules/@radix-ui/react-portal
606 silly ADD node_modules/@radix-ui/react-popper
607 silly ADD node_modules/@radix-ui/react-popper/node_modules/@radix-ui/react-context
608 silly ADD node_modules/@radix-ui/react-popover
609 silly ADD node_modules/@radix-ui/react-navigation-menu
610 silly ADD node_modules/@radix-ui/react-menubar
611 silly ADD node_modules/@radix-ui/react-menu
612 silly ADD node_modules/@radix-ui/react-label
613 silly ADD node_modules/@radix-ui/react-id
614 silly ADD node_modules/@radix-ui/react-hover-card
615 silly ADD node_modules/@radix-ui/react-focus-scope
616 silly ADD node_modules/@radix-ui/react-focus-guards
617 silly ADD node_modules/@radix-ui/react-dropdown-menu
618 silly ADD node_modules/@radix-ui/react-dismissable-layer
619 silly ADD node_modules/@radix-ui/react-direction
620 silly ADD node_modules/@radix-ui/react-dialog
621 silly ADD node_modules/@radix-ui/react-context-menu
622 silly ADD node_modules/@radix-ui/react-context
623 silly ADD node_modules/@radix-ui/react-compose-refs
624 silly ADD node_modules/@radix-ui/react-collection
625 silly ADD node_modules/@radix-ui/react-collection/node_modules/@radix-ui/react-context
626 silly ADD node_modules/@radix-ui/react-collapsible
627 silly ADD node_modules/@radix-ui/react-checkbox
628 silly ADD node_modules/@radix-ui/react-avatar
629 silly ADD node_modules/@radix-ui/react-aspect-ratio
630 silly ADD node_modules/@radix-ui/react-arrow
631 silly ADD node_modules/@radix-ui/react-alert-dialog
632 silly ADD node_modules/@radix-ui/react-accordion
633 silly ADD node_modules/@radix-ui/primitive
634 silly ADD node_modules/@radix-ui/number
635 silly ADD node_modules/@pkgjs/parseargs
636 silly ADD node_modules/@nolyfill/is-core-module
637 silly ADD node_modules/@nodelib/fs.walk
638 silly ADD node_modules/@nodelib/fs.stat
639 silly ADD node_modules/@nodelib/fs.scandir
640 silly ADD node_modules/@next/swc-win32-x64-msvc
641 silly ADD
642 silly ADD
643 silly ADD node_modules/@next/swc-wasm-nodejs
644 silly ADD
645 silly ADD
646 silly ADD
647 silly ADD
648 silly ADD
649 silly ADD
650 silly ADD node_modules/@next/eslint-plugin-next
651 silly ADD node_modules/@next/env
652 silly ADD node_modules/@jridgewell/trace-mapping
653 silly ADD node_modules/@jridgewell/sourcemap-codec
654 silly ADD node_modules/@jridgewell/set-array
655 silly ADD node_modules/@jridgewell/resolve-uri
656 silly ADD node_modules/@jridgewell/gen-mapping
657 silly ADD node_modules/@isaacs/cliui
658 silly ADD node_modules/@isaacs/cliui/node_modules/strip-ansi
659 silly ADD node_modules/@isaacs/cliui/node_modules/ansi-regex
660 silly ADD node_modules/@humanwhocodes/object-schema
661 silly ADD node_modules/@humanwhocodes/module-importer
662 silly ADD node_modules/@humanwhocodes/config-array
663 silly ADD node_modules/@hookform/resolvers
664 silly ADD node_modules/@floating-ui/utils
665 silly ADD node_modules/@floating-ui/react-dom
666 silly ADD node_modules/@floating-ui/dom
667 silly ADD node_modules/@floating-ui/core
668 silly ADD node_modules/@eslint/js
669 silly ADD node_modules/@eslint/eslintrc
670 silly ADD node_modules/@eslint-community/regexpp
671 silly ADD node_modules/@eslint-community/eslint-utils
672 silly ADD node_modules/@babel/types
673 silly ADD node_modules/@babel/traverse
674 silly ADD node_modules/@babel/traverse/node_modules/globals
675 silly ADD node_modules/@babel/template
676 silly ADD node_modules/@babel/runtime
677 silly ADD node_modules/@babel/preset-typescript
678 silly ADD node_modules/@babel/preset-react
679 silly ADD node_modules/@babel/preset-modules
680 silly ADD node_modules/@babel/preset-env
681 silly ADD node_modules/@babel/preset-env/node_modules/semver
682 silly ADD node_modules/@babel/plugin-transform-unicode-sets-regex
683 silly ADD node_modules/@babel/plugin-transform-unicode-regex
684 silly ADD node_modules/@babel/plugin-transform-unicode-property-regex
685 silly ADD node_modules/@babel/plugin-transform-unicode-escapes
686 silly ADD node_modules/@babel/plugin-transform-typescript
687 silly ADD node_modules/@babel/plugin-transform-typeof-symbol
688 silly ADD node_modules/@babel/plugin-transform-template-literals
689 silly ADD node_modules/@babel/plugin-transform-sticky-regex
690 silly ADD node_modules/@babel/plugin-transform-spread
691 silly ADD node_modules/@babel/plugin-transform-shorthand-properties
692 silly ADD node_modules/@babel/plugin-transform-reserved-words
693 silly ADD node_modules/@babel/plugin-transform-regexp-modifiers
694 silly ADD node_modules/@babel/plugin-transform-regenerator
695 silly ADD node_modules/@babel/plugin-transform-react-pure-annotations
696 silly ADD node_modules/@babel/plugin-transform-react-jsx-development
697 silly ADD node_modules/@babel/plugin-transform-react-jsx
698 silly ADD node_modules/@babel/plugin-transform-react-display-name
699 silly ADD node_modules/@babel/plugin-transform-react-constant-elements
700 silly ADD node_modules/@babel/plugin-transform-property-literals
701 silly ADD node_modules/@babel/plugin-transform-private-property-in-object
702 silly ADD node_modules/@babel/plugin-transform-private-methods
703 silly ADD node_modules/@babel/plugin-transform-parameters
704 silly ADD node_modules/@babel/plugin-transform-optional-chaining
705 silly ADD node_modules/@babel/plugin-transform-optional-catch-binding
706 silly ADD node_modules/@babel/plugin-transform-object-super
707 silly ADD node_modules/@babel/plugin-transform-object-rest-spread
708 silly ADD node_modules/@babel/plugin-transform-numeric-separator
709 silly ADD node_modules/@babel/plugin-transform-nullish-coalescing-operator
710 silly ADD node_modules/@babel/plugin-transform-new-target
711 silly ADD node_modules/@babel/plugin-transform-named-capturing-groups-regex
712 silly ADD node_modules/@babel/plugin-transform-modules-umd
713 silly ADD node_modules/@babel/plugin-transform-modules-systemjs
714 silly ADD node_modules/@babel/plugin-transform-modules-commonjs
715 silly ADD node_modules/@babel/plugin-transform-modules-amd
716 silly ADD node_modules/@babel/plugin-transform-member-expression-literals
717 silly ADD node_modules/@babel/plugin-transform-logical-assignment-operators
718 silly ADD node_modules/@babel/plugin-transform-literals
719 silly ADD node_modules/@babel/plugin-transform-json-strings
720 silly ADD node_modules/@babel/plugin-transform-function-name
721 silly ADD node_modules/@babel/plugin-transform-for-of
722 silly ADD node_modules/@babel/plugin-transform-export-namespace-from
723 silly ADD node_modules/@babel/plugin-transform-exponentiation-operator
724 silly ADD node_modules/@babel/plugin-transform-dynamic-import
725 silly ADD node_modules/@babel/plugin-transform-duplicate-named-capturing-groups-regex
726 silly ADD node_modules/@babel/plugin-transform-duplicate-keys
727 silly ADD node_modules/@babel/plugin-transform-dotall-regex
728 silly ADD node_modules/@babel/plugin-transform-destructuring
729 silly ADD node_modules/@babel/plugin-transform-computed-properties
730 silly ADD node_modules/@babel/plugin-transform-classes
731 silly ADD node_modules/@babel/plugin-transform-classes/node_modules/globals
732 silly ADD node_modules/@babel/plugin-transform-class-static-block
733 silly ADD node_modules/@babel/plugin-transform-class-properties
734 silly ADD node_modules/@babel/plugin-transform-block-scoping
735 silly ADD node_modules/@babel/plugin-transform-block-scoped-functions
736 silly ADD node_modules/@babel/plugin-transform-async-to-generator
737 silly ADD node_modules/@babel/plugin-transform-async-generator-functions
738 silly ADD node_modules/@babel/plugin-transform-arrow-functions
739 silly ADD node_modules/@babel/plugin-syntax-unicode-sets-regex
740 silly ADD node_modules/@babel/plugin-syntax-typescript
741 silly ADD node_modules/@babel/plugin-syntax-jsx
742 silly ADD node_modules/@babel/plugin-syntax-import-attributes
743 silly ADD node_modules/@babel/plugin-syntax-import-assertions
744 silly ADD node_modules/@babel/plugin-proposal-private-property-in-object
745 silly ADD node_modules/@babel/plugin-bugfix-v8-static-class-fields-redefine-readonly
746 silly ADD node_modules/@babel/plugin-bugfix-v8-spread-parameters-in-optional-chaining
747 silly ADD node_modules/@babel/plugin-bugfix-safari-id-destructuring-collision-in-function-expression
748 silly ADD node_modules/@babel/plugin-bugfix-safari-class-field-initializer-scope
749 silly ADD node_modules/@babel/plugin-bugfix-firefox-class-in-computed-class-key
750 silly ADD node_modules/@babel/parser
751 silly ADD node_modules/@babel/helpers
752 silly ADD node_modules/@babel/helper-wrap-function
753 silly ADD node_modules/@babel/helper-validator-option
754 silly ADD node_modules/@babel/helper-validator-identifier
755 silly ADD node_modules/@babel/helper-string-parser
756 silly ADD node_modules/@babel/helper-skip-transparent-expression-wrappers
757 silly ADD node_modules/@babel/helper-replace-supers
758 silly ADD node_modules/@babel/helper-remap-async-to-generator
759 silly ADD node_modules/@babel/helper-plugin-utils
760 silly ADD node_modules/@babel/helper-optimise-call-expression
761 silly ADD node_modules/@babel/helper-module-transforms
762 silly ADD node_modules/@babel/helper-module-imports
763 silly ADD node_modules/@babel/helper-member-expression-to-functions
764 silly ADD node_modules/@babel/helper-define-polyfill-provider
765 silly ADD node_modules/@babel/helper-create-regexp-features-plugin
766 silly ADD node_modules/@babel/helper-create-regexp-features-plugin/node_modules/semver
767 silly ADD node_modules/@babel/helper-create-class-features-plugin
768 silly ADD node_modules/@babel/helper-create-class-features-plugin/node_modules/semver
769 silly ADD node_modules/@babel/helper-compilation-targets
770 silly ADD node_modules/@babel/helper-compilation-targets/node_modules/semver
771 silly ADD node_modules/@babel/helper-compilation-targets/node_modules/lru-cache
772 silly ADD node_modules/@babel/helper-annotate-as-pure
773 silly ADD node_modules/@babel/generator
774 silly ADD node_modules/@babel/core
775 silly ADD node_modules/@babel/core/node_modules/semver
776 silly ADD node_modules/@babel/core/node_modules/json5
777 silly ADD node_modules/@babel/compat-data
778 silly ADD node_modules/@babel/code-frame
779 silly ADD node_modules/@ampproject/remapping
780 silly ADD node_modules/@alloc/quick-lru
781 verbose cwd E:\sultan\project
782 verbose os Windows_NT 10.0.22631
783 verbose node v18.20.5
784 verbose npm  v10.8.2
785 verbose exit 0
786 info ok
