0 verbose cli C:\Program Files\nodejs\node.exe C:\Program Files\nodejs\node_modules\npm\bin\npm-cli.js
1 info using npm@10.8.2
2 info using node@v18.20.5
3 silly config load:file:C:\Program Files\nodejs\node_modules\npm\npmrc
4 silly config load:file:E:\sultan\project\.npmrc
5 silly config load:file:C:\Users\saadr\.npmrc
6 silly config load:file:C:\Users\saadr\AppData\Roaming\npm\etc\npmrc
7 verbose title npm install @svgr/webpack
8 verbose argv "install" "--save-dev" "@svgr/webpack"
9 verbose logfile logs-max:10 dir:E:\sultan\project\%APPDATA%\npm-cache\_logs\2025-02-12T18_21_08_826Z-
10 verbose logfile E:\sultan\project\%APPDATA%\npm-cache\_logs\2025-02-12T18_21_08_826Z-debug-0.log
11 silly packumentCache heap:4345298944 maxSize:1086324736 maxEntrySize:543162368
12 silly logfile done cleaning log files
13 warn idealTree Removing dependencies.@svgr/webpack in favor of devDependencies.@svgr/webpack
14 silly idealTree buildDeps
15 silly fetch manifest @svgr/webpack@*
16 silly packumentCache full:https://registry.npmjs.org/@svgr%2fwebpack cache-miss
17 http fetch GET 200 https://registry.npmjs.org/@svgr%2fwebpack 251ms (cache hit)
18 silly packumentCache full:https://registry.npmjs.org/@svgr%2fwebpack set size:155748 disposed:false
19 silly placeDep ROOT @svgr/webpack@8.1.0 REPLACE for: nextjs@0.1.0 want: *
20 silly reify moves {}
21 silly audit bulk request {
21 silly audit   '@alloc/quick-lru': [ '5.2.0' ],
21 silly audit   '@ampproject/remapping': [ '2.3.0' ],
21 silly audit   '@babel/code-frame': [ '7.26.2' ],
21 silly audit   '@babel/compat-data': [ '7.26.8' ],
21 silly audit   '@babel/core': [ '7.26.8' ],
21 silly audit   json5: [ '2.2.3', '1.0.2' ],
21 silly audit   semver: [ '6.3.1', '7.6.3' ],
21 silly audit   '@babel/generator': [ '7.26.8' ],
21 silly audit   '@babel/helper-annotate-as-pure': [ '7.25.9' ],
21 silly audit   '@babel/helper-compilation-targets': [ '7.26.5' ],
21 silly audit   'lru-cache': [ '5.1.1', '10.4.3' ],
21 silly audit   '@babel/helper-create-class-features-plugin': [ '7.25.9' ],
21 silly audit   '@babel/helper-create-regexp-features-plugin': [ '7.26.3' ],
21 silly audit   '@babel/helper-define-polyfill-provider': [ '0.6.3' ],
21 silly audit   '@babel/helper-member-expression-to-functions': [ '7.25.9' ],
21 silly audit   '@babel/helper-module-imports': [ '7.25.9' ],
21 silly audit   '@babel/helper-module-transforms': [ '7.26.0' ],
21 silly audit   '@babel/helper-optimise-call-expression': [ '7.25.9' ],
21 silly audit   '@babel/helper-plugin-utils': [ '7.26.5' ],
21 silly audit   '@babel/helper-remap-async-to-generator': [ '7.25.9' ],
21 silly audit   '@babel/helper-replace-supers': [ '7.26.5' ],
21 silly audit   '@babel/helper-skip-transparent-expression-wrappers': [ '7.25.9' ],
21 silly audit   '@babel/helper-string-parser': [ '7.25.9' ],
21 silly audit   '@babel/helper-validator-identifier': [ '7.25.9' ],
21 silly audit   '@babel/helper-validator-option': [ '7.25.9' ],
21 silly audit   '@babel/helper-wrap-function': [ '7.25.9' ],
21 silly audit   '@babel/helpers': [ '7.26.7' ],
21 silly audit   '@babel/parser': [ '7.26.8' ],
21 silly audit   '@babel/plugin-bugfix-firefox-class-in-computed-class-key': [ '7.25.9' ],
21 silly audit   '@babel/plugin-bugfix-safari-class-field-initializer-scope': [ '7.25.9' ],
21 silly audit   '@babel/plugin-bugfix-safari-id-destructuring-collision-in-function-expression': [ '7.25.9' ],
21 silly audit   '@babel/plugin-bugfix-v8-spread-parameters-in-optional-chaining': [ '7.25.9' ],
21 silly audit   '@babel/plugin-bugfix-v8-static-class-fields-redefine-readonly': [ '7.25.9' ],
21 silly audit   '@babel/plugin-proposal-private-property-in-object': [ '7.21.0-placeholder-for-preset-env.2' ],
21 silly audit   '@babel/plugin-syntax-import-assertions': [ '7.26.0' ],
21 silly audit   '@babel/plugin-syntax-import-attributes': [ '7.26.0' ],
21 silly audit   '@babel/plugin-syntax-jsx': [ '7.25.9' ],
21 silly audit   '@babel/plugin-syntax-typescript': [ '7.25.9' ],
21 silly audit   '@babel/plugin-syntax-unicode-sets-regex': [ '7.18.6' ],
21 silly audit   '@babel/plugin-transform-arrow-functions': [ '7.25.9' ],
21 silly audit   '@babel/plugin-transform-async-generator-functions': [ '7.26.8' ],
21 silly audit   '@babel/plugin-transform-async-to-generator': [ '7.25.9' ],
21 silly audit   '@babel/plugin-transform-block-scoped-functions': [ '7.26.5' ],
21 silly audit   '@babel/plugin-transform-block-scoping': [ '7.25.9' ],
21 silly audit   '@babel/plugin-transform-class-properties': [ '7.25.9' ],
21 silly audit   '@babel/plugin-transform-class-static-block': [ '7.26.0' ],
21 silly audit   '@babel/plugin-transform-classes': [ '7.25.9' ],
21 silly audit   globals: [ '11.12.0', '13.24.0' ],
21 silly audit   '@babel/plugin-transform-computed-properties': [ '7.25.9' ],
21 silly audit   '@babel/plugin-transform-destructuring': [ '7.25.9' ],
21 silly audit   '@babel/plugin-transform-dotall-regex': [ '7.25.9' ],
21 silly audit   '@babel/plugin-transform-duplicate-keys': [ '7.25.9' ],
21 silly audit   '@babel/plugin-transform-duplicate-named-capturing-groups-regex': [ '7.25.9' ],
21 silly audit   '@babel/plugin-transform-dynamic-import': [ '7.25.9' ],
21 silly audit   '@babel/plugin-transform-exponentiation-operator': [ '7.26.3' ],
21 silly audit   '@babel/plugin-transform-export-namespace-from': [ '7.25.9' ],
21 silly audit   '@babel/plugin-transform-for-of': [ '7.25.9' ],
21 silly audit   '@babel/plugin-transform-function-name': [ '7.25.9' ],
21 silly audit   '@babel/plugin-transform-json-strings': [ '7.25.9' ],
21 silly audit   '@babel/plugin-transform-literals': [ '7.25.9' ],
21 silly audit   '@babel/plugin-transform-logical-assignment-operators': [ '7.25.9' ],
21 silly audit   '@babel/plugin-transform-member-expression-literals': [ '7.25.9' ],
21 silly audit   '@babel/plugin-transform-modules-amd': [ '7.25.9' ],
21 silly audit   '@babel/plugin-transform-modules-commonjs': [ '7.26.3' ],
21 silly audit   '@babel/plugin-transform-modules-systemjs': [ '7.25.9' ],
21 silly audit   '@babel/plugin-transform-modules-umd': [ '7.25.9' ],
21 silly audit   '@babel/plugin-transform-named-capturing-groups-regex': [ '7.25.9' ],
21 silly audit   '@babel/plugin-transform-new-target': [ '7.25.9' ],
21 silly audit   '@babel/plugin-transform-nullish-coalescing-operator': [ '7.26.6' ],
21 silly audit   '@babel/plugin-transform-numeric-separator': [ '7.25.9' ],
21 silly audit   '@babel/plugin-transform-object-rest-spread': [ '7.25.9' ],
21 silly audit   '@babel/plugin-transform-object-super': [ '7.25.9' ],
21 silly audit   '@babel/plugin-transform-optional-catch-binding': [ '7.25.9' ],
21 silly audit   '@babel/plugin-transform-optional-chaining': [ '7.25.9' ],
21 silly audit   '@babel/plugin-transform-parameters': [ '7.25.9' ],
21 silly audit   '@babel/plugin-transform-private-methods': [ '7.25.9' ],
21 silly audit   '@babel/plugin-transform-private-property-in-object': [ '7.25.9' ],
21 silly audit   '@babel/plugin-transform-property-literals': [ '7.25.9' ],
21 silly audit   '@babel/plugin-transform-react-constant-elements': [ '7.25.9' ],
21 silly audit   '@babel/plugin-transform-react-display-name': [ '7.25.9' ],
21 silly audit   '@babel/plugin-transform-react-jsx': [ '7.25.9' ],
21 silly audit   '@babel/plugin-transform-react-jsx-development': [ '7.25.9' ],
21 silly audit   '@babel/plugin-transform-react-pure-annotations': [ '7.25.9' ],
21 silly audit   '@babel/plugin-transform-regenerator': [ '7.25.9' ],
21 silly audit   '@babel/plugin-transform-regexp-modifiers': [ '7.26.0' ],
21 silly audit   '@babel/plugin-transform-reserved-words': [ '7.25.9' ],
21 silly audit   '@babel/plugin-transform-shorthand-properties': [ '7.25.9' ],
21 silly audit   '@babel/plugin-transform-spread': [ '7.25.9' ],
21 silly audit   '@babel/plugin-transform-sticky-regex': [ '7.25.9' ],
21 silly audit   '@babel/plugin-transform-template-literals': [ '7.26.8' ],
21 silly audit   '@babel/plugin-transform-typeof-symbol': [ '7.26.7' ],
21 silly audit   '@babel/plugin-transform-typescript': [ '7.26.8' ],
21 silly audit   '@babel/plugin-transform-unicode-escapes': [ '7.25.9' ],
21 silly audit   '@babel/plugin-transform-unicode-property-regex': [ '7.25.9' ],
21 silly audit   '@babel/plugin-transform-unicode-regex': [ '7.25.9' ],
21 silly audit   '@babel/plugin-transform-unicode-sets-regex': [ '7.25.9' ],
21 silly audit   '@babel/preset-env': [ '7.26.8' ],
21 silly audit   '@babel/preset-modules': [ '0.1.6-no-external-plugins' ],
21 silly audit   '@babel/preset-react': [ '7.26.3' ],
21 silly audit   '@babel/preset-typescript': [ '7.26.0' ],
21 silly audit   '@babel/runtime': [ '7.25.7' ],
21 silly audit   '@babel/template': [ '7.26.8' ],
21 silly audit   '@babel/traverse': [ '7.26.8' ],
21 silly audit   '@babel/types': [ '7.26.8' ],
21 silly audit   '@eslint-community/eslint-utils': [ '4.4.0' ],
21 silly audit   '@eslint-community/regexpp': [ '4.11.1' ],
21 silly audit   '@eslint/eslintrc': [ '2.1.4' ],
21 silly audit   '@eslint/js': [ '8.49.0' ],
21 silly audit   '@floating-ui/core': [ '1.6.8' ],
21 silly audit   '@floating-ui/dom': [ '1.6.11' ],
21 silly audit   '@floating-ui/react-dom': [ '2.1.2' ],
21 silly audit   '@floating-ui/utils': [ '0.2.8' ],
21 silly audit   '@hookform/resolvers': [ '3.9.0' ],
21 silly audit   '@humanwhocodes/config-array': [ '0.11.14' ],
21 silly audit   '@humanwhocodes/module-importer': [ '1.0.1' ],
21 silly audit   '@humanwhocodes/object-schema': [ '2.0.3' ],
21 silly audit   '@isaacs/cliui': [ '8.0.2' ],
21 silly audit   'ansi-regex': [ '6.1.0', '5.0.1' ],
21 silly audit   'strip-ansi': [ '7.1.0', '6.0.1' ],
21 silly audit   '@jridgewell/gen-mapping': [ '0.3.5' ],
21 silly audit   '@jridgewell/resolve-uri': [ '3.1.2' ],
21 silly audit   '@jridgewell/set-array': [ '1.2.1' ],
21 silly audit   '@jridgewell/sourcemap-codec': [ '1.5.0' ],
21 silly audit   '@jridgewell/trace-mapping': [ '0.3.25' ],
21 silly audit   '@next/env': [ '13.5.1' ],
21 silly audit   '@next/eslint-plugin-next': [ '13.5.1' ],
21 silly audit   '@next/swc-darwin-arm64': [ '13.5.1' ],
21 silly audit   '@next/swc-darwin-x64': [ '13.5.1' ],
21 silly audit   '@next/swc-linux-arm64-gnu': [ '13.5.1' ],
21 silly audit   '@next/swc-linux-arm64-musl': [ '13.5.1' ],
21 silly audit   '@next/swc-linux-x64-gnu': [ '13.5.1' ],
21 silly audit   '@next/swc-linux-x64-musl': [ '13.5.1' ],
21 silly audit   '@next/swc-wasm-nodejs': [ '13.5.1' ],
21 silly audit   '@next/swc-win32-arm64-msvc': [ '13.5.1' ],
21 silly audit   '@next/swc-win32-ia32-msvc': [ '13.5.1' ],
21 silly audit   '@next/swc-win32-x64-msvc': [ '13.5.1' ],
21 silly audit   '@nodelib/fs.scandir': [ '2.1.5' ],
21 silly audit   '@nodelib/fs.stat': [ '2.0.5' ],
21 silly audit   '@nodelib/fs.walk': [ '1.2.8' ],
21 silly audit   '@nolyfill/is-core-module': [ '1.0.39' ],
21 silly audit   '@pkgjs/parseargs': [ '0.11.0' ],
21 silly audit   '@radix-ui/number': [ '1.1.0' ],
21 silly audit   '@radix-ui/primitive': [ '1.1.0', '1.0.1' ],
21 silly audit   '@radix-ui/react-accordion': [ '1.2.1' ],
21 silly audit   '@radix-ui/react-alert-dialog': [ '1.1.2' ],
21 silly audit   '@radix-ui/react-arrow': [ '1.1.0' ],
21 silly audit   '@radix-ui/react-aspect-ratio': [ '1.1.0' ],
21 silly audit   '@radix-ui/react-avatar': [ '1.1.1' ],
21 silly audit   '@radix-ui/react-checkbox': [ '1.1.2' ],
21 silly audit   '@radix-ui/react-collapsible': [ '1.1.1' ],
21 silly audit   '@radix-ui/react-collection': [ '1.1.0' ],
21 silly audit   '@radix-ui/react-context': [ '1.1.0', '1.1.1', '1.0.1' ],
21 silly audit   '@radix-ui/react-compose-refs': [ '1.1.0', '1.0.1' ],
21 silly audit   '@radix-ui/react-context-menu': [ '2.2.2' ],
21 silly audit   '@radix-ui/react-dialog': [ '1.1.2', '1.0.5' ],
21 silly audit   '@radix-ui/react-direction': [ '1.1.0' ],
21 silly audit   '@radix-ui/react-dismissable-layer': [ '1.1.1', '1.0.5' ],
21 silly audit   '@radix-ui/react-dropdown-menu': [ '2.1.2' ],
21 silly audit   '@radix-ui/react-focus-guards': [ '1.1.1', '1.0.1' ],
21 silly audit   '@radix-ui/react-focus-scope': [ '1.1.0', '1.0.4' ],
21 silly audit   '@radix-ui/react-hover-card': [ '1.1.2' ],
21 silly audit   '@radix-ui/react-id': [ '1.1.0', '1.0.1' ],
21 silly audit   '@radix-ui/react-label': [ '2.1.0' ],
21 silly audit   '@radix-ui/react-menu': [ '2.1.2' ],
21 silly audit   '@radix-ui/react-menubar': [ '1.1.2' ],
21 silly audit   '@radix-ui/react-navigation-menu': [ '1.2.1' ],
21 silly audit   '@radix-ui/react-popover': [ '1.1.2' ],
21 silly audit   '@radix-ui/react-popper': [ '1.2.0' ],
21 silly audit   '@radix-ui/react-portal': [ '1.1.2', '1.0.4' ],
21 silly audit   '@radix-ui/react-presence': [ '1.1.1', '1.0.1' ],
21 silly audit   '@radix-ui/react-primitive': [ '2.0.0', '1.0.3' ],
21 silly audit   '@radix-ui/react-progress': [ '1.1.0' ],
21 silly audit   '@radix-ui/react-radio-group': [ '1.2.1' ],
21 silly audit   '@radix-ui/react-roving-focus': [ '1.1.0' ],
21 silly audit   '@radix-ui/react-scroll-area': [ '1.2.0' ],
21 silly audit   '@radix-ui/react-select': [ '2.1.2' ],
21 silly audit   '@radix-ui/react-separator': [ '1.1.0' ],
21 silly audit   '@radix-ui/react-slider': [ '1.2.1' ],
21 silly audit   '@radix-ui/react-slot': [ '1.1.0', '1.0.2' ],
21 silly audit   '@radix-ui/react-switch': [ '1.1.1' ],
21 silly audit   '@radix-ui/react-tabs': [ '1.1.1' ],
21 silly audit   '@radix-ui/react-toast': [ '1.2.2' ],
21 silly audit   '@radix-ui/react-toggle': [ '1.1.0' ],
21 silly audit   '@radix-ui/react-toggle-group': [ '1.1.0' ],
21 silly audit   '@radix-ui/react-tooltip': [ '1.1.3' ],
21 silly audit   '@radix-ui/react-use-callback-ref': [ '1.1.0', '1.0.1' ],
21 silly audit   '@radix-ui/react-use-controllable-state': [ '1.1.0', '1.0.1' ],
21 silly audit   '@radix-ui/react-use-escape-keydown': [ '1.1.0', '1.0.3' ],
21 silly audit   '@radix-ui/react-use-layout-effect': [ '1.1.0', '1.0.1' ],
21 silly audit   '@radix-ui/react-use-previous': [ '1.1.0' ],
21 silly audit   '@radix-ui/react-use-rect': [ '1.1.0' ],
21 silly audit   '@radix-ui/react-use-size': [ '1.1.0' ],
21 silly audit   '@radix-ui/react-visually-hidden': [ '1.1.0' ],
21 silly audit   '@radix-ui/rect': [ '1.1.0' ],
21 silly audit   '@rtsao/scc': [ '1.1.0' ],
21 silly audit   '@rushstack/eslint-patch': [ '1.10.4' ],
21 silly audit   '@svgr/babel-plugin-add-jsx-attribute': [ '8.0.0' ],
21 silly audit   '@svgr/babel-plugin-remove-jsx-attribute': [ '8.0.0' ],
21 silly audit   '@svgr/babel-plugin-remove-jsx-empty-expression': [ '8.0.0' ],
21 silly audit   '@svgr/babel-plugin-replace-jsx-attribute-value': [ '8.0.0' ],
21 silly audit   '@svgr/babel-plugin-svg-dynamic-title': [ '8.0.0' ],
21 silly audit   '@svgr/babel-plugin-svg-em-dimensions': [ '8.0.0' ],
21 silly audit   '@svgr/babel-plugin-transform-react-native-svg': [ '8.1.0' ],
21 silly audit   '@svgr/babel-plugin-transform-svg-component': [ '8.0.0' ],
21 silly audit   '@svgr/babel-preset': [ '8.1.0' ],
21 silly audit   '@svgr/core': [ '8.1.0' ],
21 silly audit   '@svgr/hast-util-to-babel-ast': [ '8.0.0' ],
21 silly audit   '@svgr/plugin-jsx': [ '8.1.0' ],
21 silly audit   '@svgr/plugin-svgo': [ '8.1.0' ],
21 silly audit   '@swc/helpers': [ '0.5.2' ],
21 silly audit   '@trysound/sax': [ '0.2.0' ],
21 silly audit   '@types/d3-array': [ '3.2.1' ],
21 silly audit   '@types/d3-color': [ '3.1.3' ],
21 silly audit   '@types/d3-ease': [ '3.0.2' ],
21 silly audit   '@types/d3-interpolate': [ '3.0.4' ],
21 silly audit   '@types/d3-path': [ '3.1.0' ],
21 silly audit   '@types/d3-scale': [ '4.0.8' ],
21 silly audit   '@types/d3-shape': [ '3.1.6' ],
21 silly audit   '@types/d3-time': [ '3.0.3' ],
21 silly audit   '@types/d3-timer': [ '3.0.2' ],
21 silly audit   '@types/gensync': [ '1.0.4' ],
21 silly audit   '@types/json5': [ '0.0.29' ],
21 silly audit   '@types/node': [ '20.6.2' ],
21 silly audit   '@types/prop-types': [ '15.7.13' ],
21 silly audit   '@types/react': [ '18.2.22' ],
21 silly audit   '@types/react-dom': [ '18.2.7' ],
21 silly audit   '@types/scheduler': [ '0.23.0' ],
21 silly audit   '@typescript-eslint/parser': [ '6.21.0' ],
21 silly audit   '@typescript-eslint/scope-manager': [ '6.21.0' ],
21 silly audit   '@typescript-eslint/types': [ '6.21.0' ],
21 silly audit   '@typescript-eslint/typescript-estree': [ '6.21.0' ],
21 silly audit   'brace-expansion': [ '2.0.1', '1.1.11' ],
21 silly audit   minimatch: [ '9.0.3', '3.1.2', '9.0.5' ],
21 silly audit   '@typescript-eslint/visitor-keys': [ '6.21.0' ],
21 silly audit   acorn: [ '8.12.1' ],
21 silly audit   'acorn-jsx': [ '5.3.2' ],
21 silly audit   ajv: [ '6.12.6' ],
21 silly audit   'ansi-styles': [ '4.3.0', '6.2.1' ],
21 silly audit   'any-promise': [ '1.3.0' ],
21 silly audit   anymatch: [ '3.1.3' ],
21 silly audit   arg: [ '5.0.2' ],
21 silly audit   argparse: [ '2.0.1' ],
21 silly audit   'aria-hidden': [ '1.2.4' ],
21 silly audit   'aria-query': [ '5.1.3' ],
21 silly audit   'array-buffer-byte-length': [ '1.0.1' ],
21 silly audit   'array-includes': [ '3.1.8' ],
21 silly audit   'array-union': [ '2.1.0' ],
21 silly audit   'array.prototype.findlast': [ '1.2.5' ],
21 silly audit   'array.prototype.findlastindex': [ '1.2.5' ],
21 silly audit   'array.prototype.flat': [ '1.3.2' ],
21 silly audit   'array.prototype.flatmap': [ '1.3.2' ],
21 silly audit   'array.prototype.tosorted': [ '1.1.4' ],
21 silly audit   'arraybuffer.prototype.slice': [ '1.0.3' ],
21 silly audit   'ast-types-flow': [ '0.0.8' ],
21 silly audit   autoprefixer: [ '10.4.15' ],
21 silly audit   'available-typed-arrays': [ '1.0.7' ],
21 silly audit   'axe-core': [ '4.10.0' ],
21 silly audit   'axobject-query': [ '4.1.0' ],
21 silly audit   'babel-plugin-polyfill-corejs2': [ '0.4.12' ],
21 silly audit   'babel-plugin-polyfill-corejs3': [ '0.11.1' ],
21 silly audit   'babel-plugin-polyfill-regenerator': [ '0.6.3' ],
21 silly audit   'balanced-match': [ '1.0.2' ],
21 silly audit   'binary-extensions': [ '2.3.0' ],
21 silly audit   boolbase: [ '1.0.0' ],
21 silly audit   braces: [ '3.0.3' ],
21 silly audit   browserslist: [ '4.24.4' ],
21 silly audit   busboy: [ '1.6.0' ],
21 silly audit   'call-bind': [ '1.0.7' ],
21 silly audit   callsites: [ '3.1.0' ],
21 silly audit   camelcase: [ '6.3.0' ],
21 silly audit   'camelcase-css': [ '2.0.1' ],
21 silly audit   'caniuse-lite': [ '1.0.30001699' ],
21 silly audit   chalk: [ '4.1.2' ],
21 silly audit   chokidar: [ '3.6.0' ],
21 silly audit   'glob-parent': [ '5.1.2', '6.0.2' ],
21 silly audit   'class-variance-authority': [ '0.7.0' ],
21 silly audit   clsx: [ '2.0.0', '2.1.1' ],
21 silly audit   'client-only': [ '0.0.1' ],
21 silly audit   cmdk: [ '1.0.0' ],
21 silly audit   'react-remove-scroll': [ '2.5.5', '2.6.0' ],
21 silly audit   'color-convert': [ '2.0.1' ],
21 silly audit   'color-name': [ '1.1.4' ],
21 silly audit   commander: [ '4.1.1', '7.2.0' ],
21 silly audit   'concat-map': [ '0.0.1' ],
21 silly audit   'convert-source-map': [ '2.0.0' ],
21 silly audit   'core-js-compat': [ '3.40.0' ],
21 silly audit   cosmiconfig: [ '8.3.6' ],
21 silly audit   'cross-spawn': [ '7.0.3' ],
21 silly audit   'cryptocurrency-icons': [ '0.18.1' ],
21 silly audit   'css-select': [ '5.1.0' ],
21 silly audit   'css-tree': [ '2.3.1', '2.2.1' ],
21 silly audit   'css-what': [ '6.1.0' ],
21 silly audit   cssesc: [ '3.0.0' ],
21 silly audit   csso: [ '5.0.5' ],
21 silly audit   'mdn-data': [ '2.0.28', '2.0.30' ],
21 silly audit   csstype: [ '3.1.3' ],
21 silly audit   'd3-array': [ '3.2.4' ],
21 silly audit   'd3-color': [ '3.1.0' ],
21 silly audit   'd3-ease': [ '3.0.1' ],
21 silly audit   'd3-format': [ '3.1.0' ],
21 silly audit   'd3-interpolate': [ '3.0.1' ],
21 silly audit   'd3-path': [ '3.1.0' ],
21 silly audit   'd3-scale': [ '4.0.2' ],
21 silly audit   'd3-shape': [ '3.2.0' ],
21 silly audit   'd3-time': [ '3.1.0' ],
21 silly audit   'd3-time-format': [ '4.1.0' ],
21 silly audit   'd3-timer': [ '3.0.1' ],
21 silly audit   'damerau-levenshtein': [ '1.0.8' ],
21 silly audit   'data-view-buffer': [ '1.0.1' ],
21 silly audit   'data-view-byte-length': [ '1.0.1' ],
21 silly audit   'data-view-byte-offset': [ '1.0.0' ],
21 silly audit   'date-fns': [ '3.6.0' ],
21 silly audit   debug: [ '4.3.7', '3.2.7' ],
21 silly audit   'decimal.js-light': [ '2.5.1' ],
21 silly audit   'deep-equal': [ '2.2.3' ],
21 silly audit   'deep-is': [ '0.1.4' ],
21 silly audit   deepmerge: [ '4.3.1' ],
21 silly audit   'define-data-property': [ '1.1.4' ],
21 silly audit   'define-properties': [ '1.2.1' ],
21 silly audit   'detect-node-es': [ '1.1.0' ],
21 silly audit   didyoumean: [ '1.2.2' ],
21 silly audit   'dir-glob': [ '3.0.1' ],
21 silly audit   dlv: [ '1.1.3' ],
21 silly audit   doctrine: [ '3.0.0', '2.1.0' ],
21 silly audit   'dom-helpers': [ '5.2.1' ],
21 silly audit   'dom-serializer': [ '2.0.0' ],
21 silly audit   domelementtype: [ '2.3.0' ],
21 silly audit   domhandler: [ '5.0.3' ],
21 silly audit   domutils: [ '3.2.2' ],
21 silly audit   'dot-case': [ '3.0.4' ],
21 silly audit   eastasianwidth: [ '0.2.0' ],
21 silly audit   'electron-to-chromium': [ '1.5.97' ],
21 silly audit   'embla-carousel': [ '8.3.0' ],
21 silly audit   'embla-carousel-react': [ '8.3.0' ],
21 silly audit   'embla-carousel-reactive-utils': [ '8.3.0' ],
21 silly audit   'emoji-regex': [ '9.2.2', '8.0.0' ],
21 silly audit   'enhanced-resolve': [ '5.17.1' ],
21 silly audit   entities: [ '4.5.0' ],
21 silly audit   'error-ex': [ '1.3.2' ],
21 silly audit   'es-abstract': [ '1.23.3' ],
21 silly audit   'es-define-property': [ '1.0.0' ],
21 silly audit   'es-errors': [ '1.3.0' ],
21 silly audit   'es-get-iterator': [ '1.1.3' ],
21 silly audit   'es-iterator-helpers': [ '1.1.0' ],
21 silly audit   'es-object-atoms': [ '1.0.0' ],
21 silly audit   'es-set-tostringtag': [ '2.0.3' ],
21 silly audit   'es-shim-unscopables': [ '1.0.2' ],
21 silly audit   'es-to-primitive': [ '1.2.1' ],
21 silly audit   escalade: [ '3.2.0' ],
21 silly audit   'escape-string-regexp': [ '4.0.0' ],
21 silly audit   eslint: [ '8.49.0' ],
21 silly audit   'eslint-config-next': [ '13.5.1' ],
21 silly audit   'eslint-import-resolver-typescript': [ '3.6.3' ],
21 silly audit   'eslint-import-resolver-node': [ '0.3.9' ],
21 silly audit   'eslint-module-utils': [ '2.12.0' ],
21 silly audit   'eslint-plugin-import': [ '2.31.0' ],
21 silly audit   'eslint-plugin-jsx-a11y': [ '6.10.0' ],
21 silly audit   'eslint-plugin-react': [ '7.37.1' ],
21 silly audit   'eslint-plugin-react-hooks': [ '4.6.2' ],
21 silly audit   resolve: [ '2.0.0-next.5', '1.22.8' ],
21 silly audit   'eslint-scope': [ '7.2.2' ],
21 silly audit   'eslint-visitor-keys': [ '3.4.3' ],
21 silly audit   espree: [ '9.6.1' ],
21 silly audit   esquery: [ '1.6.0' ],
21 silly audit   esrecurse: [ '4.3.0' ],
21 silly audit   estraverse: [ '5.3.0' ],
21 silly audit   esutils: [ '2.0.3' ],
21 silly audit   eventemitter3: [ '4.0.7' ],
21 silly audit   'fast-deep-equal': [ '3.1.3' ],
21 silly audit   'fast-equals': [ '5.0.1' ],
21 silly audit   'fast-glob': [ '3.3.2' ],
21 silly audit   'fast-json-stable-stringify': [ '2.1.0' ],
21 silly audit   'fast-levenshtein': [ '2.0.6' ],
21 silly audit   fastq: [ '1.17.1' ],
21 silly audit   'file-entry-cache': [ '6.0.1' ],
21 silly audit   'fill-range': [ '7.1.1' ],
21 silly audit   'find-up': [ '5.0.0' ],
21 silly audit   'flat-cache': [ '3.2.0' ],
21 silly audit   flatted: [ '3.3.1' ],
21 silly audit   'for-each': [ '0.3.3' ],
21 silly audit   'foreground-child': [ '3.3.0' ],
21 silly audit   'fraction.js': [ '4.3.7' ],
21 silly audit   'fs.realpath': [ '1.0.0' ],
21 silly audit   fsevents: [ '2.3.3' ],
21 silly audit   'function-bind': [ '1.1.2' ],
21 silly audit   'function.prototype.name': [ '1.1.6' ],
21 silly audit   'functions-have-names': [ '1.2.3' ],
21 silly audit   gensync: [ '1.0.0-beta.2' ],
21 silly audit   'get-intrinsic': [ '1.2.4' ],
21 silly audit   'get-nonce': [ '1.0.1' ],
21 silly audit   'get-symbol-description': [ '1.0.2' ],
21 silly audit   'get-tsconfig': [ '4.8.1' ],
21 silly audit   glob: [ '7.1.7', '10.4.5' ],
21 silly audit   'glob-to-regexp': [ '0.4.1' ],
21 silly audit   globalthis: [ '1.0.4' ],
21 silly audit   globby: [ '11.1.0' ],
21 silly audit   gopd: [ '1.0.1' ],
21 silly audit   'graceful-fs': [ '4.2.11' ],
21 silly audit   graphemer: [ '1.4.0' ],
21 silly audit   'has-bigints': [ '1.0.2' ],
21 silly audit   'has-flag': [ '4.0.0' ],
21 silly audit   'has-property-descriptors': [ '1.0.2' ],
21 silly audit   'has-proto': [ '1.0.3' ],
21 silly audit   'has-symbols': [ '1.0.3' ],
21 silly audit   'has-tostringtag': [ '1.0.2' ],
21 silly audit   hasown: [ '2.0.2' ],
21 silly audit   ignore: [ '5.3.2' ],
21 silly audit   'import-fresh': [ '3.3.0' ],
21 silly audit   imurmurhash: [ '0.1.4' ],
21 silly audit   inflight: [ '1.0.6' ],
21 silly audit   inherits: [ '2.0.4' ],
21 silly audit   'input-otp': [ '1.2.4' ],
21 silly audit   'internal-slot': [ '1.0.7' ],
21 silly audit   internmap: [ '2.0.3' ],
21 silly audit   invariant: [ '2.2.4' ],
21 silly audit   'is-arguments': [ '1.1.1' ],
21 silly audit   'is-array-buffer': [ '3.0.4' ],
21 silly audit   'is-arrayish': [ '0.2.1' ],
21 silly audit   'is-async-function': [ '2.0.0' ],
21 silly audit   'is-bigint': [ '1.0.4' ],
21 silly audit   'is-binary-path': [ '2.1.0' ],
21 silly audit   'is-boolean-object': [ '1.1.2' ],
21 silly audit   'is-bun-module': [ '1.2.1' ],
21 silly audit   'is-callable': [ '1.2.7' ],
21 silly audit   'is-core-module': [ '2.15.1' ],
21 silly audit   'is-data-view': [ '1.0.1' ],
21 silly audit   'is-date-object': [ '1.0.5' ],
21 silly audit   'is-extglob': [ '2.1.1' ],
21 silly audit   'is-finalizationregistry': [ '1.0.2' ],
21 silly audit   'is-fullwidth-code-point': [ '3.0.0' ],
21 silly audit   'is-generator-function': [ '1.0.10' ],
21 silly audit   'is-glob': [ '4.0.3' ],
21 silly audit   'is-map': [ '2.0.3' ],
21 silly audit   'is-negative-zero': [ '2.0.3' ],
21 silly audit   'is-number': [ '7.0.0' ],
21 silly audit   'is-number-object': [ '1.0.7' ],
21 silly audit   'is-path-inside': [ '3.0.3' ],
21 silly audit   'is-regex': [ '1.1.4' ],
21 silly audit   'is-set': [ '2.0.3' ],
21 silly audit   'is-shared-array-buffer': [ '1.0.3' ],
21 silly audit   'is-string': [ '1.0.7' ],
21 silly audit   'is-symbol': [ '1.0.4' ],
21 silly audit   'is-typed-array': [ '1.1.13' ],
21 silly audit   'is-weakmap': [ '2.0.2' ],
21 silly audit   'is-weakref': [ '1.0.2' ],
21 silly audit   'is-weakset': [ '2.0.3' ],
21 silly audit   isarray: [ '2.0.5' ],
21 silly audit   isexe: [ '2.0.0' ],
21 silly audit   'iterator.prototype': [ '1.1.3' ],
21 silly audit   jackspeak: [ '3.4.3' ],
21 silly audit   jiti: [ '1.21.6' ],
21 silly audit   'js-tokens': [ '4.0.0' ],
21 silly audit   'js-yaml': [ '4.1.0' ],
21 silly audit   jsesc: [ '3.1.0', '3.0.2' ],
21 silly audit   'json-buffer': [ '3.0.1' ],
21 silly audit   'json-parse-even-better-errors': [ '2.3.1' ],
21 silly audit   'json-schema-traverse': [ '0.4.1' ],
21 silly audit   'json-stable-stringify-without-jsonify': [ '1.0.1' ],
21 silly audit   'jsx-ast-utils': [ '3.3.5' ],
21 silly audit   keyv: [ '4.5.4' ],
21 silly audit   'language-subtag-registry': [ '0.3.23' ],
21 silly audit   'language-tags': [ '1.0.9' ],
21 silly audit   levn: [ '0.4.1' ],
21 silly audit   lilconfig: [ '2.1.0', '3.1.2' ],
21 silly audit   'lines-and-columns': [ '1.2.4' ],
21 silly audit   'locate-path': [ '6.0.0' ],
21 silly audit   lodash: [ '4.17.21' ],
21 silly audit   'lodash.debounce': [ '4.0.8' ],
21 silly audit   'lodash.merge': [ '4.6.2' ],
21 silly audit   'loose-envify': [ '1.4.0' ],
21 silly audit   'lower-case': [ '2.0.2' ],
21 silly audit   'lucide-react': [ '0.446.0' ],
21 silly audit   merge2: [ '1.4.1' ],
21 silly audit   micromatch: [ '4.0.8' ],
21 silly audit   minimist: [ '1.2.8' ],
21 silly audit   minipass: [ '7.1.2' ],
21 silly audit   ms: [ '2.1.3' ],
21 silly audit   mz: [ '2.7.0' ],
21 silly audit   nanoid: [ '3.3.7' ],
21 silly audit   'natural-compare': [ '1.4.0' ],
21 silly audit   next: [ '13.5.1' ],
21 silly audit   'next-themes': [ '0.3.0' ],
21 silly audit   postcss: [ '8.4.14', '8.4.30' ],
21 silly audit   zod: [ '3.21.4', '3.23.8' ],
21 silly audit   'no-case': [ '3.0.4' ],
21 silly audit   'node-releases': [ '2.0.19' ],
21 silly audit   'normalize-path': [ '3.0.0' ],
21 silly audit   'normalize-range': [ '0.1.2' ],
21 silly audit   'nth-check': [ '2.1.1' ],
21 silly audit   'object-assign': [ '4.1.1' ],
21 silly audit   'object-hash': [ '3.0.0' ],
21 silly audit   'object-inspect': [ '1.13.2' ],
21 silly audit   'object-is': [ '1.1.6' ],
21 silly audit   'object-keys': [ '1.1.1' ],
21 silly audit   'object.assign': [ '4.1.5' ],
21 silly audit   'object.entries': [ '1.1.8' ],
21 silly audit   'object.fromentries': [ '2.0.8' ],
21 silly audit   'object.groupby': [ '1.0.3' ],
21 silly audit   'object.values': [ '1.2.0' ],
21 silly audit   once: [ '1.4.0' ],
21 silly audit   optionator: [ '0.9.4' ],
21 silly audit   'p-limit': [ '3.1.0' ],
21 silly audit   'p-locate': [ '5.0.0' ],
21 silly audit   'package-json-from-dist': [ '1.0.1' ],
21 silly audit   'parent-module': [ '1.0.1' ],
21 silly audit   'parse-json': [ '5.2.0' ],
21 silly audit   'path-exists': [ '4.0.0' ],
21 silly audit   'path-is-absolute': [ '1.0.1' ],
21 silly audit   'path-key': [ '3.1.1' ],
21 silly audit   'path-parse': [ '1.0.7' ],
21 silly audit   'path-scurry': [ '1.11.1' ],
21 silly audit   'path-type': [ '4.0.0' ],
21 silly audit   picocolors: [ '1.1.0' ],
21 silly audit   picomatch: [ '2.3.1' ],
21 silly audit   pify: [ '2.3.0' ],
21 silly audit   pirates: [ '4.0.6' ],
21 silly audit   'possible-typed-array-names': [ '1.0.0' ],
21 silly audit   'postcss-import': [ '15.1.0' ],
21 silly audit   'postcss-js': [ '4.0.1' ],
21 silly audit   'postcss-load-config': [ '4.0.2' ],
21 silly audit   'postcss-nested': [ '6.2.0' ],
21 silly audit   'postcss-selector-parser': [ '6.1.2' ],
21 silly audit   'postcss-value-parser': [ '4.2.0' ],
21 silly audit   'prelude-ls': [ '1.2.1' ],
21 silly audit   'prop-types': [ '15.8.1' ],
21 silly audit   punycode: [ '2.3.1' ],
21 silly audit   'queue-microtask': [ '1.2.3' ],
21 silly audit   react: [ '18.2.0' ],
21 silly audit   'react-day-picker': [ '8.10.1' ],
21 silly audit   'react-dom': [ '18.2.0' ],
21 silly audit   'react-hook-form': [ '7.53.0' ],
21 silly audit   'react-is': [ '16.13.1' ],
21 silly audit   'react-remove-scroll-bar': [ '2.3.6' ],
21 silly audit   'react-resizable-panels': [ '2.1.4' ],
21 silly audit   'react-smooth': [ '4.0.1' ],
21 silly audit   'react-style-singleton': [ '2.2.1' ],
21 silly audit   'react-transition-group': [ '4.4.5' ],
21 silly audit   'read-cache': [ '1.0.0' ],
21 silly audit   readdirp: [ '3.6.0' ],
21 silly audit   recharts: [ '2.12.7' ],
21 silly audit   'recharts-scale': [ '0.4.5' ],
21 silly audit   'reflect.getprototypeof': [ '1.0.6' ],
21 silly audit   regenerate: [ '1.4.2' ],
21 silly audit   'regenerate-unicode-properties': [ '10.2.0' ],
21 silly audit   'regenerator-runtime': [ '0.14.1' ],
21 silly audit   'regenerator-transform': [ '0.15.2' ],
21 silly audit   'regexp.prototype.flags': [ '1.5.3' ],
21 silly audit   'regexpu-core': [ '6.2.0' ],
21 silly audit   regjsgen: [ '0.8.0' ],
21 silly audit   regjsparser: [ '0.12.0' ],
21 silly audit   'resolve-from': [ '4.0.0' ],
21 silly audit   'resolve-pkg-maps': [ '1.0.0' ],
21 silly audit   reusify: [ '1.0.4' ],
21 silly audit   rimraf: [ '3.0.2' ],
21 silly audit   'run-parallel': [ '1.2.0' ],
21 silly audit   'safe-array-concat': [ '1.1.2' ],
21 silly audit   'safe-regex-test': [ '1.0.3' ],
21 silly audit   scheduler: [ '0.23.2' ],
21 silly audit   'set-function-length': [ '1.2.2' ],
21 silly audit   'set-function-name': [ '2.0.2' ],
21 silly audit   'shebang-command': [ '2.0.0' ],
21 silly audit   'shebang-regex': [ '3.0.0' ],
21 silly audit   'side-channel': [ '1.0.6' ],
21 silly audit   'signal-exit': [ '4.1.0' ],
21 silly audit   slash: [ '3.0.0' ],
21 silly audit   'snake-case': [ '3.0.4' ],
21 silly audit   sonner: [ '1.5.0' ],
21 silly audit   'source-map-js': [ '1.2.1' ],
21 silly audit   'stop-iteration-iterator': [ '1.0.0' ],
21 silly audit   streamsearch: [ '1.1.0' ],
21 silly audit   'string-width': [ '5.1.2', '4.2.3' ],
21 silly audit   'string.prototype.includes': [ '2.0.0' ],
21 silly audit   'string.prototype.matchall': [ '4.0.11' ],
21 silly audit   'string.prototype.repeat': [ '1.0.0' ],
21 silly audit   'string.prototype.trim': [ '1.2.9' ],
21 silly audit   'string.prototype.trimend': [ '1.0.8' ],
21 silly audit   'string.prototype.trimstart': [ '1.0.8' ],
21 silly audit   'strip-bom': [ '3.0.0' ],
21 silly audit   'strip-json-comments': [ '3.1.1' ],
21 silly audit   'styled-jsx': [ '5.1.1' ],
21 silly audit   sucrase: [ '3.35.0' ],
21 silly audit   'supports-color': [ '7.2.0' ],
21 silly audit   'supports-preserve-symlinks-flag': [ '1.0.0' ],
21 silly audit   'svg-parser': [ '2.0.4' ],
21 silly audit   svgo: [ '3.3.2' ],
21 silly audit   'tailwind-merge': [ '2.5.3' ],
21 silly audit   tailwindcss: [ '3.3.3' ],
21 silly audit   'tailwindcss-animate': [ '1.0.7' ],
21 silly audit   tapable: [ '2.2.1' ],
21 silly audit   'text-table': [ '0.2.0' ],
21 silly audit   thenify: [ '3.3.1' ],
21 silly audit   'thenify-all': [ '1.6.0' ],
21 silly audit   'tiny-invariant': [ '1.3.3' ],
21 silly audit   'to-regex-range': [ '5.0.1' ],
21 silly audit   'ts-api-utils': [ '1.3.0' ],
21 silly audit   'ts-interface-checker': [ '0.1.13' ],
21 silly audit   'tsconfig-paths': [ '3.15.0' ],
21 silly audit   tslib: [ '2.7.0' ],
21 silly audit   'type-check': [ '0.4.0' ],
21 silly audit   'type-fest': [ '0.20.2' ],
21 silly audit   'typed-array-buffer': [ '1.0.2' ],
21 silly audit   'typed-array-byte-length': [ '1.0.1' ],
21 silly audit   'typed-array-byte-offset': [ '1.0.2' ],
21 silly audit   'typed-array-length': [ '1.0.6' ],
21 silly audit   typescript: [ '5.2.2' ],
21 silly audit   'unbox-primitive': [ '1.0.2' ],
21 silly audit   'unicode-canonical-property-names-ecmascript': [ '2.0.1' ],
21 silly audit   'unicode-match-property-ecmascript': [ '2.0.0' ],
21 silly audit   'unicode-match-property-value-ecmascript': [ '2.2.0' ],
21 silly audit   'unicode-property-aliases-ecmascript': [ '2.1.0' ],
21 silly audit   'update-browserslist-db': [ '1.1.1' ],
21 silly audit   'uri-js': [ '4.4.1' ],
21 silly audit   'use-callback-ref': [ '1.3.2' ],
21 silly audit   'use-sidecar': [ '1.1.2' ],
21 silly audit   'util-deprecate': [ '1.0.2' ],
21 silly audit   vaul: [ '0.9.9' ],
21 silly audit   'victory-vendor': [ '36.9.2' ],
21 silly audit   watchpack: [ '2.4.0' ],
21 silly audit   which: [ '2.0.2' ],
21 silly audit   'which-boxed-primitive': [ '1.0.2' ],
21 silly audit   'which-builtin-type': [ '1.1.4' ],
21 silly audit   'which-collection': [ '1.0.2' ],
21 silly audit   'which-typed-array': [ '1.1.15' ],
21 silly audit   'word-wrap': [ '1.2.5' ],
21 silly audit   'wrap-ansi': [ '8.1.0', '7.0.0' ],
21 silly audit   wrappy: [ '1.0.2' ],
21 silly audit   yallist: [ '3.1.1' ],
21 silly audit   yaml: [ '2.5.1' ],
21 silly audit   'yocto-queue': [ '0.1.0' ],
21 silly audit   '@svgr/webpack': [ '8.1.0' ]
21 silly audit }
22 verbose reify failed optional dependency E:\sultan\project\node_modules\fsevents
23 silly reify mark deleted [ 'E:\\sultan\\project\\node_modules\\fsevents' ]
24 verbose reify failed optional dependency E:\sultan\project\node_modules\@next\swc-win32-ia32-msvc
25 silly reify mark deleted [ 'E:\\sultan\\project\\node_modules\\@next\\swc-win32-ia32-msvc' ]
26 verbose reify failed optional dependency E:\sultan\project\node_modules\@next\swc-win32-arm64-msvc
27 silly reify mark deleted [ 'E:\\sultan\\project\\node_modules\\@next\\swc-win32-arm64-msvc' ]
28 verbose reify failed optional dependency E:\sultan\project\node_modules\@next\swc-linux-x64-musl
29 silly reify mark deleted [ 'E:\\sultan\\project\\node_modules\\@next\\swc-linux-x64-musl' ]
30 verbose reify failed optional dependency E:\sultan\project\node_modules\@next\swc-linux-x64-gnu
31 silly reify mark deleted [ 'E:\\sultan\\project\\node_modules\\@next\\swc-linux-x64-gnu' ]
32 verbose reify failed optional dependency E:\sultan\project\node_modules\@next\swc-linux-arm64-musl
33 silly reify mark deleted [ 'E:\\sultan\\project\\node_modules\\@next\\swc-linux-arm64-musl' ]
34 verbose reify failed optional dependency E:\sultan\project\node_modules\@next\swc-linux-arm64-gnu
35 silly reify mark deleted [ 'E:\\sultan\\project\\node_modules\\@next\\swc-linux-arm64-gnu' ]
36 verbose reify failed optional dependency E:\sultan\project\node_modules\@next\swc-darwin-x64
37 silly reify mark deleted [ 'E:\\sultan\\project\\node_modules\\@next\\swc-darwin-x64' ]
38 verbose reify failed optional dependency E:\sultan\project\node_modules\@next\swc-darwin-arm64
39 silly reify mark deleted [ 'E:\\sultan\\project\\node_modules\\@next\\swc-darwin-arm64' ]
40 http fetch POST 200 https://registry.npmjs.org/-/npm/v1/security/advisories/bulk 1475ms
41 silly audit report {
41 silly audit report   'cross-spawn': [
41 silly audit report     {
41 silly audit report       id: 1100563,
41 silly audit report       url: 'https://github.com/advisories/GHSA-3xgq-45jj-v275',
41 silly audit report       title: 'Regular Expression Denial of Service (ReDoS) in cross-spawn',
41 silly audit report       severity: 'high',
41 silly audit report       vulnerable_versions: '>=7.0.0 <7.0.5',
41 silly audit report       cwe: [Array],
41 silly audit report       cvss: [Object]
41 silly audit report     }
41 silly audit report   ],
41 silly audit report   nanoid: [
41 silly audit report     {
41 silly audit report       id: 1101163,
41 silly audit report       url: 'https://github.com/advisories/GHSA-mwcw-c2x4-8c55',
41 silly audit report       title: 'Predictable results in nanoid generation when given non-integer values',
41 silly audit report       severity: 'moderate',
41 silly audit report       vulnerable_versions: '<3.3.8',
41 silly audit report       cwe: [Array],
41 silly audit report       cvss: [Object]
41 silly audit report     }
41 silly audit report   ],
41 silly audit report   next: [
41 silly audit report     {
41 silly audit report       id: 1099639,
41 silly audit report       url: 'https://github.com/advisories/GHSA-gp8f-8m3g-qvj9',
41 silly audit report       title: 'Next.js Cache Poisoning',
41 silly audit report       severity: 'high',
41 silly audit report       vulnerable_versions: '>=13.5.1 <13.5.7',
41 silly audit report       cwe: [Array],
41 silly audit report       cvss: [Object]
41 silly audit report     },
41 silly audit report     {
41 silly audit report       id: 1100421,
41 silly audit report       url: 'https://github.com/advisories/GHSA-g77x-44xx-532m',
41 silly audit report       title: 'Denial of Service condition in Next.js image optimization',
41 silly audit report       severity: 'moderate',
41 silly audit report       vulnerable_versions: '>=10.0.0 <14.2.7',
41 silly audit report       cwe: [Array],
41 silly audit report       cvss: [Object]
41 silly audit report     },
41 silly audit report     {
41 silly audit report       id: 1101380,
41 silly audit report       url: 'https://github.com/advisories/GHSA-7gfc-8cq8-jh5f',
41 silly audit report       title: 'Next.js authorization bypass vulnerability',
41 silly audit report       severity: 'high',
41 silly audit report       vulnerable_versions: '>=9.5.5 <14.2.15',
41 silly audit report       cwe: [Array],
41 silly audit report       cvss: [Object]
41 silly audit report     },
41 silly audit report     {
41 silly audit report       id: 1101439,
41 silly audit report       url: 'https://github.com/advisories/GHSA-7m27-7ghc-44w9',
41 silly audit report       title: 'Next.js Allows a Denial of Service (DoS) with Server Actions',
41 silly audit report       severity: 'moderate',
41 silly audit report       vulnerable_versions: '>=13.0.0 <13.5.8',
41 silly audit report       cwe: [Array],
41 silly audit report       cvss: [Object]
41 silly audit report     },
41 silly audit report     {
41 silly audit report       id: 1097295,
41 silly audit report       url: 'https://github.com/advisories/GHSA-fr5h-rqp8-mj6g',
41 silly audit report       title: 'Next.js Server-Side Request Forgery in Server Actions',
41 silly audit report       severity: 'high',
41 silly audit report       vulnerable_versions: '>=13.4.0 <14.1.1',
41 silly audit report       cwe: [Array],
41 silly audit report       cvss: [Object]
41 silly audit report     }
41 silly audit report   ],
41 silly audit report   postcss: [
41 silly audit report     {
41 silly audit report       id: 1094544,
41 silly audit report       url: 'https://github.com/advisories/GHSA-7fh5-64p2-3v2j',
41 silly audit report       title: 'PostCSS line return parsing error',
41 silly audit report       severity: 'moderate',
41 silly audit report       vulnerable_versions: '<8.4.31',
41 silly audit report       cwe: [Array],
41 silly audit report       cvss: [Object]
41 silly audit report     }
41 silly audit report   ],
41 silly audit report   zod: [
41 silly audit report     {
41 silly audit report       id: 1099462,
41 silly audit report       url: 'https://github.com/advisories/GHSA-m95q-7qp3-xv42',
41 silly audit report       title: 'Zod denial of service vulnerability',
41 silly audit report       severity: 'moderate',
41 silly audit report       vulnerable_versions: '<=3.22.2',
41 silly audit report       cwe: [Array],
41 silly audit report       cvss: [Object]
41 silly audit report     }
41 silly audit report   ]
41 silly audit report }
42 silly packumentCache corgi:https://registry.npmjs.org/cross-spawn cache-miss
43 silly packumentCache corgi:https://registry.npmjs.org/nanoid cache-miss
44 silly packumentCache corgi:https://registry.npmjs.org/next cache-miss
45 silly packumentCache corgi:https://registry.npmjs.org/postcss cache-miss
46 silly packumentCache corgi:https://registry.npmjs.org/zod cache-miss
47 http fetch GET 200 https://registry.npmjs.org/cross-spawn 30ms (cache hit)
48 silly packumentCache corgi:https://registry.npmjs.org/cross-spawn set size:44626 disposed:false
49 http fetch GET 200 https://registry.npmjs.org/postcss 29ms (cache hit)
50 silly packumentCache corgi:https://registry.npmjs.org/postcss set size:333766 disposed:false
51 http fetch GET 200 https://registry.npmjs.org/zod 36ms (cache hit)
52 silly packumentCache corgi:https://registry.npmjs.org/zod set size:661648 disposed:false
53 http fetch GET 200 https://registry.npmjs.org/next 85ms (cache hit)
54 silly packumentCache corgi:https://registry.npmjs.org/next set size:18757424 disposed:false
55 http fetch GET 200 https://registry.npmjs.org/nanoid 507ms (cache hit)
56 silly packumentCache corgi:https://registry.npmjs.org/nanoid set size:138004 disposed:false
57 silly packumentCache corgi:https://registry.npmjs.org/eslint cache-miss
58 silly packumentCache corgi:https://registry.npmjs.org/foreground-child cache-miss
59 http fetch GET 200 https://registry.npmjs.org/foreground-child 11ms (cache hit)
60 silly packumentCache corgi:https://registry.npmjs.org/foreground-child set size:20383 disposed:false
61 http fetch GET 200 https://registry.npmjs.org/eslint 19ms (cache hit)
62 silly packumentCache corgi:https://registry.npmjs.org/eslint set size:1031707 disposed:false
63 silly packumentCache corgi:https://registry.npmjs.org/autoprefixer cache-miss
64 silly packumentCache corgi:https://registry.npmjs.org/postcss-import cache-miss
65 silly packumentCache corgi:https://registry.npmjs.org/postcss-js cache-miss
66 silly packumentCache corgi:https://registry.npmjs.org/postcss-load-config cache-miss
67 silly packumentCache corgi:https://registry.npmjs.org/postcss-nested cache-miss
68 silly packumentCache corgi:https://registry.npmjs.org/tailwindcss cache-miss
69 http fetch GET 200 https://registry.npmjs.org/postcss-js 67ms (cache hit)
70 silly packumentCache corgi:https://registry.npmjs.org/postcss-js set size:20759 disposed:false
71 http fetch GET 200 https://registry.npmjs.org/autoprefixer 76ms (cache hit)
72 silly packumentCache corgi:https://registry.npmjs.org/autoprefixer set size:290367 disposed:false
73 http fetch GET 200 https://registry.npmjs.org/postcss-load-config 79ms (cache hit)
74 silly packumentCache corgi:https://registry.npmjs.org/postcss-load-config set size:37999 disposed:false
75 http fetch GET 200 https://registry.npmjs.org/postcss-import 82ms (cache hit)
76 silly packumentCache corgi:https://registry.npmjs.org/postcss-import set size:51326 disposed:false
77 http fetch GET 200 https://registry.npmjs.org/postcss-nested 83ms (cache hit)
78 silly packumentCache corgi:https://registry.npmjs.org/postcss-nested set size:41645 disposed:false
79 http fetch GET 200 https://registry.npmjs.org/tailwindcss 93ms (cache hit)
80 silly packumentCache corgi:https://registry.npmjs.org/tailwindcss set size:4058409 disposed:false
81 silly ADD
82 silly ADD
83 silly ADD
84 silly ADD
85 silly ADD
86 silly ADD
87 silly ADD
88 silly ADD
89 silly ADD
90 verbose cwd E:\sultan\project
91 verbose os Windows_NT 10.0.22631
92 verbose node v18.20.5
93 verbose npm  v10.8.2
94 verbose exit 0
95 info ok
